Archive member included to satisfy reference by file (symbol)

C:\Users\ab32a\Desktop\ESP_WITH_ANOM\NANO\Src\libneai.a(NanoEdgeAI.o)
                              ./Core/Src/main.o (neai_anomalydetection_learn)
C:/ST/STM32CubeIDE_1.18.1/STM32CubeIDE/plugins/com.st.stm32cube.ide.mcu.externaltools.gnu-tools-for-stm32.13.3.rel1.win32_1.0.0.202411081344/tools/bin/../lib/gcc/arm-none-eabi/13.3.1/../../../../arm-none-eabi/lib/thumb/v7e-m+fp/hard\libc_nano.a(libc_a-exit.o)
                              C:/ST/STM32CubeIDE_1.18.1/STM32CubeIDE/plugins/com.st.stm32cube.ide.mcu.externaltools.gnu-tools-for-stm32.13.3.rel1.win32_1.0.0.202411081344/tools/bin/../lib/gcc/arm-none-eabi/13.3.1/../../../../arm-none-eabi/lib/thumb/v7e-m+fp/hard/crt0.o (exit)
C:/ST/STM32CubeIDE_1.18.1/STM32CubeIDE/plugins/com.st.stm32cube.ide.mcu.externaltools.gnu-tools-for-stm32.13.3.rel1.win32_1.0.0.202411081344/tools/bin/../lib/gcc/arm-none-eabi/13.3.1/../../../../arm-none-eabi/lib/thumb/v7e-m+fp/hard\libc_nano.a(libc_a-findfp.o)
                              C:/ST/STM32CubeIDE_1.18.1/STM32CubeIDE/plugins/com.st.stm32cube.ide.mcu.externaltools.gnu-tools-for-stm32.13.3.rel1.win32_1.0.0.202411081344/tools/bin/../lib/gcc/arm-none-eabi/13.3.1/../../../../arm-none-eabi/lib/thumb/v7e-m+fp/hard\libc_nano.a(libc_a-exit.o) (__stdio_exit_handler)
C:/ST/STM32CubeIDE_1.18.1/STM32CubeIDE/plugins/com.st.stm32cube.ide.mcu.externaltools.gnu-tools-for-stm32.13.3.rel1.win32_1.0.0.202411081344/tools/bin/../lib/gcc/arm-none-eabi/13.3.1/../../../../arm-none-eabi/lib/thumb/v7e-m+fp/hard\libc_nano.a(libc_a-fwalk.o)
                              C:/ST/STM32CubeIDE_1.18.1/STM32CubeIDE/plugins/com.st.stm32cube.ide.mcu.externaltools.gnu-tools-for-stm32.13.3.rel1.win32_1.0.0.202411081344/tools/bin/../lib/gcc/arm-none-eabi/13.3.1/../../../../arm-none-eabi/lib/thumb/v7e-m+fp/hard\libc_nano.a(libc_a-findfp.o) (_fwalk_sglue)
C:/ST/STM32CubeIDE_1.18.1/STM32CubeIDE/plugins/com.st.stm32cube.ide.mcu.externaltools.gnu-tools-for-stm32.13.3.rel1.win32_1.0.0.202411081344/tools/bin/../lib/gcc/arm-none-eabi/13.3.1/../../../../arm-none-eabi/lib/thumb/v7e-m+fp/hard\libc_nano.a(libc_a-stdio.o)
                              C:/ST/STM32CubeIDE_1.18.1/STM32CubeIDE/plugins/com.st.stm32cube.ide.mcu.externaltools.gnu-tools-for-stm32.13.3.rel1.win32_1.0.0.202411081344/tools/bin/../lib/gcc/arm-none-eabi/13.3.1/../../../../arm-none-eabi/lib/thumb/v7e-m+fp/hard\libc_nano.a(libc_a-findfp.o) (__sread)
C:/ST/STM32CubeIDE_1.18.1/STM32CubeIDE/plugins/com.st.stm32cube.ide.mcu.externaltools.gnu-tools-for-stm32.13.3.rel1.win32_1.0.0.202411081344/tools/bin/../lib/gcc/arm-none-eabi/13.3.1/../../../../arm-none-eabi/lib/thumb/v7e-m+fp/hard\libc_nano.a(libc_a-vsnprintf.o)
                              ./Core/Src/main.o (vsnprintf)
C:/ST/STM32CubeIDE_1.18.1/STM32CubeIDE/plugins/com.st.stm32cube.ide.mcu.externaltools.gnu-tools-for-stm32.13.3.rel1.win32_1.0.0.202411081344/tools/bin/../lib/gcc/arm-none-eabi/13.3.1/../../../../arm-none-eabi/lib/thumb/v7e-m+fp/hard\libc_nano.a(libc_a-memset.o)
                              C:/ST/STM32CubeIDE_1.18.1/STM32CubeIDE/plugins/com.st.stm32cube.ide.mcu.externaltools.gnu-tools-for-stm32.13.3.rel1.win32_1.0.0.202411081344/tools/bin/../lib/gcc/arm-none-eabi/13.3.1/../../../../arm-none-eabi/lib/thumb/v7e-m+fp/hard/crt0.o (memset)
C:/ST/STM32CubeIDE_1.18.1/STM32CubeIDE/plugins/com.st.stm32cube.ide.mcu.externaltools.gnu-tools-for-stm32.13.3.rel1.win32_1.0.0.202411081344/tools/bin/../lib/gcc/arm-none-eabi/13.3.1/../../../../arm-none-eabi/lib/thumb/v7e-m+fp/hard\libc_nano.a(libc_a-closer.o)
                              C:/ST/STM32CubeIDE_1.18.1/STM32CubeIDE/plugins/com.st.stm32cube.ide.mcu.externaltools.gnu-tools-for-stm32.13.3.rel1.win32_1.0.0.202411081344/tools/bin/../lib/gcc/arm-none-eabi/13.3.1/../../../../arm-none-eabi/lib/thumb/v7e-m+fp/hard\libc_nano.a(libc_a-stdio.o) (_close_r)
C:/ST/STM32CubeIDE_1.18.1/STM32CubeIDE/plugins/com.st.stm32cube.ide.mcu.externaltools.gnu-tools-for-stm32.13.3.rel1.win32_1.0.0.202411081344/tools/bin/../lib/gcc/arm-none-eabi/13.3.1/../../../../arm-none-eabi/lib/thumb/v7e-m+fp/hard\libc_nano.a(libc_a-reent.o)
                              C:/ST/STM32CubeIDE_1.18.1/STM32CubeIDE/plugins/com.st.stm32cube.ide.mcu.externaltools.gnu-tools-for-stm32.13.3.rel1.win32_1.0.0.202411081344/tools/bin/../lib/gcc/arm-none-eabi/13.3.1/../../../../arm-none-eabi/lib/thumb/v7e-m+fp/hard\libc_nano.a(libc_a-closer.o) (errno)
C:/ST/STM32CubeIDE_1.18.1/STM32CubeIDE/plugins/com.st.stm32cube.ide.mcu.externaltools.gnu-tools-for-stm32.13.3.rel1.win32_1.0.0.202411081344/tools/bin/../lib/gcc/arm-none-eabi/13.3.1/../../../../arm-none-eabi/lib/thumb/v7e-m+fp/hard\libc_nano.a(libc_a-impure.o)
[...]
Memory Configuration

Name             Origin             Length             Attributes
CCMRAM           0x10000000         0x00010000         xrw
RAM              0x20000000         0x00020000         xrw
FLASH            0x08000000         0x00100000         xr
*default*        0x00000000         0xffffffff

Linker script and memory map

LOAD C:/ST/STM32CubeIDE_1.18.1/STM32CubeIDE/plugins/com.st.stm32cube.ide.mcu.externaltools.gnu-tools-for-stm32.13.3.rel1.win32_1.0.0.202411081344/tools/bin/../lib/gcc/arm-none-eabi/13.3.1/thumb/v7e-m+fp/hard/crti.o
LOAD C:/ST/STM32CubeIDE_1.18.1/STM32CubeIDE/plugins/com.st.stm32cube.ide.mcu.externaltools.gnu-tools-for-stm32.13.3.rel1.win32_1.0.0.202411081344/tools/bin/../lib/gcc/arm-none-eabi/13.3.1/thumb/v7e-m+fp/hard/crtbegin.o
LOAD C:/ST/STM32CubeIDE_1.18.1/STM32CubeIDE/plugins/com.st.stm32cube.ide.mcu.externaltools.gnu-tools-for-stm32.13.3.rel1.win32_1.0.0.202411081344/tools/bin/../lib/gcc/arm-none-eabi/13.3.1/../../../../arm-none-eabi/lib/thumb/v7e-m+fp/hard/crt0.o
LOAD ./Core/Src/gpio.o
LOAD ./Core/Src/i2c.o
LOAD ./Core/Src/main.o
LOAD ./Core/Src/stm32f4xx_hal_msp.o
LOAD ./Core/Src/stm32f4xx_it.o
LOAD ./Core/Src/syscalls.o
LOAD ./Core/Src/sysmem.o
LOAD ./Core/Src/system_stm32f4xx.o
LOAD ./Core/Src/usart.o
LOAD ./Core/Startup/startup_stm32f407vgtx.o
LOAD ./Drivers/STM32F4xx_HAL_Driver/Src/stm32f4xx_hal.o
LOAD ./Drivers/STM32F4xx_HAL_Driver/Src/stm32f4xx_hal_cortex.o
LOAD ./Drivers/STM32F4xx_HAL_Driver/Src/stm32f4xx_hal_dma.o
LOAD ./Drivers/STM32F4xx_HAL_Driver/Src/stm32f4xx_hal_dma_ex.o
LOAD ./Drivers/STM32F4xx_HAL_Driver/Src/stm32f4xx_hal_exti.o
LOAD ./Drivers/STM32F4xx_HAL_Driver/Src/stm32f4xx_hal_flash.o
LOAD ./Drivers/STM32F4xx_HAL_Driver/Src/stm32f4xx_hal_flash_ex.o
LOAD ./Drivers/STM32F4xx_HAL_Driver/Src/stm32f4xx_hal_flash_ramfunc.o
LOAD ./Drivers/STM32F4xx_HAL_Driver/Src/stm32f4xx_hal_gpio.o
LOAD ./Drivers/STM32F4xx_HAL_Driver/Src/stm32f4xx_hal_i2c.o
LOAD ./Drivers/STM32F4xx_HAL_Driver/Src/stm32f4xx_hal_i2c_ex.o
LOAD ./Drivers/STM32F4xx_HAL_Driver/Src/stm32f4xx_hal_pcd.o
LOAD ./Drivers/STM32F4xx_HAL_Driver/Src/stm32f4xx_hal_pcd_ex.o
LOAD ./Drivers/STM32F4xx_HAL_Driver/Src/stm32f4xx_hal_pwr.o
LOAD ./Drivers/STM32F4xx_HAL_Driver/Src/stm32f4xx_hal_pwr_ex.o
LOAD ./Drivers/STM32F4xx_HAL_Driver/Src/stm32f4xx_hal_rcc.o
LOAD ./Drivers/STM32F4xx_HAL_Driver/Src/stm32f4xx_hal_rcc_ex.o
LOAD ./Drivers/STM32F4xx_HAL_Driver/Src/stm32f4xx_hal_uart.o
LOAD ./Drivers/STM32F4xx_HAL_Driver/Src/stm32f4xx_ll_usb.o
LOAD ./Middlewares/ST/STM32_USB_Device_Library/Class/CDC/Src/usbd_cdc.o
LOAD ./Middlewares/ST/STM32_USB_Device_Library/Core/Src/usbd_core.o
LOAD ./Middlewares/ST/STM32_USB_Device_Library/Core/Src/usbd_ctlreq.o
LOAD ./Middlewares/ST/STM32_USB_Device_Library/Core/Src/usbd_ioreq.o
LOAD ./USB_DEVICE/App/usb_device.o
LOAD ./USB_DEVICE/App/usbd_cdc_if.o
LOAD ./USB_DEVICE/App/usbd_desc.o
LOAD ./USB_DEVICE/Target/usbd_conf.o
LOAD C:\Users\ab32a\Desktop\ESP_WITH_ANOM\NANO\Src\libneai.a
START GROUP
LOAD C:/ST/STM32CubeIDE_1.18.1/STM32CubeIDE/plugins/com.st.stm32cube.ide.mcu.externaltools.gnu-tools-for-stm32.13.3.rel1.win32_1.0.0.202411081344/tools/bin/../lib/gcc/arm-none-eabi/13.3.1/../../../../arm-none-eabi/lib/thumb/v7e-m+fp/hard\libc_nano.a
LOAD C:/ST/STM32CubeIDE_1.18.1/STM32CubeIDE/plugins/com.st.stm32cube.ide.mcu.externaltools.gnu-tools-for-stm32.13.3.rel1.win32_1.0.0.202411081344/tools/bin/../lib/gcc/arm-none-eabi/13.3.1/../../../../arm-none-eabi/lib/thumb/v7e-m+fp/hard\libm.a
END GROUP
START GROUP
LOAD C:/ST/STM32CubeIDE_1.18.1/STM32CubeIDE/plugins/com.st.stm32cube.ide.mcu.externaltools.gnu-tools-for-stm32.13.3.rel1.win32_1.0.0.202411081344/tools/bin/../lib/gcc/arm-none-eabi/13.3.1/thumb/v7e-m+fp/hard\libgcc.a
LOAD C:/ST/STM32CubeIDE_1.18.1/STM32CubeIDE/plugins/com.st.stm32cube.ide.mcu.externaltools.gnu-tools-for-stm32.13.3.rel1.win32_1.0.0.202411081344/tools/bin/../lib/gcc/arm-none-eabi/13.3.1/../../../../arm-none-eabi/lib/thumb/v7e-m+fp/hard\libc_nano.a
END GROUP
START GROUP
LOAD C:/ST/STM32CubeIDE_1.18.1/STM32CubeIDE/plugins/com.st.stm32cube.ide.mcu.externaltools.gnu-tools-for-stm32.13.3.rel1.win32_1.0.0.202411081344/tools/bin/../lib/gcc/arm-none-eabi/13.3.1/thumb/v7e-m+fp/hard\libgcc.a
LOAD C:/ST/STM32CubeIDE_1.18.1/STM32CubeIDE/plugins/com.st.stm32cube.ide.mcu.externaltools.gnu-tools-for-stm32.13.3.rel1.win32_1.0.0.202411081344/tools/bin/../lib/gcc/arm-none-eabi/13.3.1/../../../../arm-none-eabi/lib/thumb/v7e-m+fp/hard\libc_nano.a
LOAD C:/ST/STM32CubeIDE_1.18.1/STM32CubeIDE/plugins/com.st.stm32cube.ide.mcu.externaltools.gnu-tools-for-stm32.13.3.rel1.win32_1.0.0.202411081344/tools/bin/../lib/gcc/arm-none-eabi/13.3.1/../../../../arm-none-eabi/lib/thumb/v7e-m+fp/hard\libnosys.a
END GROUP
START GROUP
LOAD C:/ST/STM32CubeIDE_1.18.1/STM32CubeIDE/plugins/com.st.stm32cube.ide.mcu.externaltools.gnu-tools-for-stm32.13.3.rel1.win32_1.0.0.202411081344/tools/bin/../lib/gcc/arm-none-eabi/13.3.1/thumb/v7e-m+fp/hard\libgcc.a
LOAD C:/ST/STM32CubeIDE_1.18.1/STM32CubeIDE/plugins/com.st.stm32cube.ide.mcu.externaltools.gnu-tools-for-stm32.13.3.rel1.win32_1.0.0.202411081344/tools/bin/../lib/gcc/arm-none-eabi/13.3.1/../../../../arm-none-eabi/lib/thumb/v7e-m+fp/hard\libc_nano.a
LOAD C:/ST/STM32CubeIDE_1.18.1/STM32CubeIDE/plugins/com.st.stm32cube.ide.mcu.externaltools.gnu-tools-for-stm32.13.3.rel1.win32_1.0.0.202411081344/tools/bin/../lib/gcc/arm-none-eabi/13.3.1/../../../../arm-none-eabi/lib/thumb/v7e-m+fp/hard\libnosys.a
END GROUP
LOAD C:/ST/STM32CubeIDE_1.18.1/STM32CubeIDE/plugins/com.st.stm32cube.ide.mcu.externaltools.gnu-tools-for-stm32.13.3.rel1.win32_1.0.0.202411081344/tools/bin/../lib/gcc/arm-none-eabi/13.3.1/thumb/v7e-m+fp/hard/crtend.o
LOAD C:/ST/STM32CubeIDE_1.18.1/STM32CubeIDE/plugins/com.st.stm32cube.ide.mcu.externaltools.gnu-tools-for-stm32.13.3.rel1.win32_1.0.0.202411081344/tools/bin/../lib/gcc/arm-none-eabi/13.3.1/thumb/v7e-m+fp/hard/crtn.o
                0x20020000                        _estack = (ORIGIN (RAM) + LENGTH (RAM))
                0x00000200                        _Min_Heap_Size = 0x200
                0x00000400                        _Min_Stack_Size = 0x400

.isr_vector     0x08000000      0x188
                0x08000000                        . = ALIGN (0x4)
 *(.isr_vector)
 .isr_vector    0x08000000      0x188 ./Core/Startup/startup_stm32f407vgtx.o
                0x08000000                g_pfnVectors
                0x08000188                        . = ALIGN (0x4)

.text           0x08000190     0x8514
                0x08000190                        . = ALIGN (0x4)
 *(.text)
 .text          0x08000190       0x40 C:/ST/STM32CubeIDE_1.18.1/STM32CubeIDE/plugins/com.st.stm32cube.ide.mcu.externaltools.gnu-tools-for-stm32.13.3.rel1.win32_1.0.0.202411081344/tools/bin/../lib/gcc/arm-none-eabi/13.3.1/thumb/v7e-m+fp/hard/crtbegin.o
 .text          0x080001d0       0x10 C:/ST/STM32CubeIDE_1.18.1/STM32CubeIDE/plugins/com.st.stm32cube.ide.mcu.externaltools.gnu-tools-for-stm32.13.3.rel1.win32_1.0.0.202411081344/tools/bin/../lib/gcc/arm-none-eabi/13.3.1/../../../../arm-none-eabi/lib/thumb/v7e-m+fp/hard\libc_nano.a(libc_a-strlen.o)
                0x080001d0                strlen
 .text          0x080001e0       0xa0 C:/ST/STM32CubeIDE_1.18.1/STM32CubeIDE/plugins/com.st.stm32cube.ide.mcu.externaltools.gnu-tools-for-stm32.13.3.rel1.win32_1.0.0.202411081344/tools/bin/../lib/gcc/arm-none-eabi/13.3.1/../../../../arm-none-eabi/lib/thumb/v7e-m+fp/hard\libc_nano.a(libc_a-memchr.o)
                0x080001e0                memchr
 .text          0x08000280      0x378 C:/ST/STM32CubeIDE_1.18.1/STM32CubeIDE/plugins/com.st.stm32cube.ide.mcu.externaltools.gnu-tools-for-stm32.13.3.rel1.win32_1.0.0.202411081344/tools/bin/../lib/gcc/arm-none-eabi/13.3.1/thumb/v7e-m+fp/hard\libgcc.a(_arm_addsubdf3.o)
                0x08000280                __aeabi_drsub
                0x08000288                __aeabi_dsub
                0x08000288                __subdf3
                0x0800028c                __aeabi_dadd
                0x0800028c                __adddf3
                0x08000504                __floatunsidf
                0x08000504                __aeabi_ui2d
                0x08000524                __floatsidf
                0x08000524                __aeabi_i2d
                0x08000548                __aeabi_f2d
                0x08000548                __extendsfdf2
                0x0800058c                __floatundidf
                0x0800058c                __aeabi_ul2d
                0x0800059c                __floatdidf
                0x0800059c                __aeabi_l2d
 .text          0x080005f8      0x110 C:/ST/STM32CubeIDE_1.18.1/STM32CubeIDE/plugins/com.st.stm32cube.ide.mcu.externaltools.gnu-tools-for-stm32.13.3.rel1.win32_1.0.0.202411081344/tools/bin/../lib/gcc/arm-none-eabi/13.3.1/thumb/v7e-m+fp/hard\libgcc.a(_arm_cmpdf2.o)
                0x080005f8                __gtdf2
                0x080005f8                __gedf2
                0x08000600                __ltdf2
                0x08000600                __ledf2
                0x08000608                __nedf2
                0x08000608                __eqdf2
                0x08000608                __cmpdf2
                0x08000684                __aeabi_cdrcmple
                0x08000694                __aeabi_cdcmpeq
                0x08000694                __aeabi_cdcmple
                0x080006a4                __aeabi_dcmpeq
                0x080006b8                __aeabi_dcmplt
                0x080006cc                __aeabi_dcmple
                0x080006e0                __aeabi_dcmpge
                0x080006f4                __aeabi_dcmpgt
 .text          0x08000708       0xa0 C:/ST/STM32CubeIDE_1.18.1/STM32CubeIDE/plugins/com.st.stm32cube.ide.mcu.externaltools.gnu-tools-for-stm32.13.3.rel1.win32_1.0.0.202411081344/tools/bin/../lib/gcc/arm-none-eabi/13.3.1/thumb/v7e-m+fp/hard\libgcc.a(_arm_truncdfsf2.o)
                0x08000708                __truncdfsf2
                0x08000708                __aeabi_d2f
 .text          0x080007a8       0x30 C:/ST/STM32CubeIDE_1.18.1/STM32CubeIDE/plugins/com.st.stm32cube.ide.mcu.externaltools.gnu-tools-for-stm32.13.3.rel1.win32_1.0.0.202411081344/tools/bin/../lib/gcc/arm-none-eabi/13.3.1/thumb/v7e-m+fp/hard\libgcc.a(_aeabi_uldivmod.o)
                0x080007a8                __aeabi_uldivmod
 .text          0x080007d8      0x2f8 C:/ST/STM32CubeIDE_1.18.1/STM32CubeIDE/plugins/com.st.stm32cube.ide.mcu.externaltools.gnu-tools-for-stm32.13.3.rel1.win32_1.0.0.202411081344/tools/bin/../lib/gcc/arm-none-eabi/13.3.1/thumb/v7e-m+fp/hard\libgcc.a(_udivmoddi4.o)
                0x080007d8                __udivmoddi4
 .text          0x08000ad0        0x4 C:/ST/STM32CubeIDE_1.18.1/STM32CubeIDE/plugins/com.st.stm32cube.ide.mcu.externaltools.gnu-tools-for-stm32.13.3.rel1.win32_1.0.0.202411081344/tools/bin/../lib/gcc/arm-none-eabi/13.3.1/thumb/v7e-m+fp/hard\libgcc.a(_dvmd_tls.o)
                0x08000ad0                __aeabi_idiv0
                0x08000ad0                __aeabi_ldiv0
 *(.text*)
 .text.MX_GPIO_Init
                0x08000ad4       0x6c ./Core/Src/gpio.o
                0x08000ad4                MX_GPIO_Init
 .text.MX_I2C1_Init
                0x08000b40       0x5c ./Core/Src/i2c.o
                0x08000b40                MX_I2C1_Init
 .text.HAL_I2C_MspInit
                0x08000b9c       0x90 ./Core/Src/i2c.o
                0x08000b9c                HAL_I2C_MspInit
 .text.uart_printf
                0x08000c2c       0x54 ./Core/Src/main.o
                0x08000c2c                uart_printf
 .text.Read_ADXL345
                0x08000c80       0x78 ./Core/Src/main.o
                0x08000c80                Read_ADXL345
 .text.fill_accelerometer_buffer
                0x08000cf8       0xb8 ./Core/Src/main.o
                0x08000cf8                fill_accelerometer_buffer
 .text.main     0x08000db0      0x110 ./Core/Src/main.o
                0x08000db0                main
 .text.SystemClock_Config
                0x08000ec0       0xd0 ./Core/Src/main.o
                0x08000ec0                SystemClock_Config
 .text.Error_Handler
                0x08000f90        0xc ./Core/Src/main.o
                0x08000f90                Error_Handler
 .text.HAL_MspInit
                0x08000f9c       0x50 ./Core/Src/stm32f4xx_hal_msp.o
                0x08000f9c                HAL_MspInit
 .text.NMI_Handler
                0x08000fec        0x8 ./Core/Src/stm32f4xx_it.o
                0x08000fec                NMI_Handler
 .text.HardFault_Handler
                0x08000ff4        0x8 ./Core/Src/stm32f4xx_it.o
                0x08000ff4                HardFault_Handler
 .text.MemManage_Handler
                0x08000ffc        0x8 ./Core/Src/stm32f4xx_it.o
                0x08000ffc                MemManage_Handler
 .text.BusFault_Handler
                0x08001004        0x8 ./Core/Src/stm32f4xx_it.o
                0x08001004                BusFault_Handler
 .text.UsageFault_Handler
                0x0800100c        0x8 ./Core/Src/stm32f4xx_it.o
                0x0800100c                UsageFault_Handler
 .text.SVC_Handler
                0x08001014        0xe ./Core/Src/stm32f4xx_it.o
                0x08001014                SVC_Handler
 .text.DebugMon_Handler
                0x08001022        0xe ./Core/Src/stm32f4xx_it.o
                0x08001022                DebugMon_Handler
 .text.PendSV_Handler
                0x08001030        0xe ./Core/Src/stm32f4xx_it.o
                0x08001030                PendSV_Handler
 .text.SysTick_Handler
                0x0800103e        0xc ./Core/Src/stm32f4xx_it.o
                0x0800103e                SysTick_Handler
 *fill*         0x0800104a        0x2 
 .text.OTG_FS_IRQHandler
                0x0800104c       0x14 ./Core/Src/stm32f4xx_it.o
                0x0800104c                OTG_FS_IRQHandler
 .text._sbrk    0x08001060       0x6c ./Core/Src/sysmem.o
                0x08001060                _sbrk
 .text.SystemInit
                0x080010cc       0x24 ./Core/Src/system_stm32f4xx.o
                0x080010cc                SystemInit
 .text.MX_USART2_UART_Init
                0x080010f0       0x54 ./Core/Src/usart.o
                0x080010f0                MX_USART2_UART_Init
 .text.HAL_UART_MspInit
                0x08001144       0x90 ./Core/Src/usart.o
                0x08001144                HAL_UART_MspInit
 .text.Reset_Handler
                0x080011d4       0x50 ./Core/Startup/startup_stm32f407vgtx.o
                0x080011d4                Reset_Handler
 .text.Default_Handler
                0x08001224        0x2 ./Core/Startup/startup_stm32f407vgtx.o
                0x08001224                RTC_Alarm_IRQHandler
                0x08001224                HASH_RNG_IRQHandler
                0x08001224                EXTI2_IRQHandler
                0x08001224                TIM8_CC_IRQHandler
                0x08001224                TIM1_CC_IRQHandler
                0x08001224                DMA2_Stream5_IRQHandler
                0x08001224                DMA1_Stream5_IRQHandler
                0x08001224                PVD_IRQHandler
                0x08001224                SDIO_IRQHandler
                0x08001224                TAMP_STAMP_IRQHandler
                0x08001224                CAN2_RX1_IRQHandler
                0x08001224                EXTI3_IRQHandler
                0x08001224                TIM8_TRG_COM_TIM14_IRQHandler
                0x08001224                TIM1_UP_TIM10_IRQHandler
                0x08001224                TIM8_UP_TIM13_IRQHandler
                0x08001224                I2C3_ER_IRQHandler
                0x08001224                EXTI0_IRQHandler
                0x08001224                I2C2_EV_IRQHandler
                0x08001224                DMA1_Stream2_IRQHandler
                0x08001224                CAN1_RX0_IRQHandler
                0x08001224                FPU_IRQHandler
                0x08001224                OTG_HS_WKUP_IRQHandler
                0x08001224                CAN2_SCE_IRQHandler
                0x08001224                DMA2_Stream2_IRQHandler
                0x08001224                SPI1_IRQHandler
                0x08001224                TIM6_DAC_IRQHandler
                0x08001224                TIM1_BRK_TIM9_IRQHandler
                0x08001224                DCMI_IRQHandler
                0x08001224                CAN2_RX0_IRQHandler
                0x08001224                DMA2_Stream3_IRQHandler
                0x08001224                USART6_IRQHandler
                0x08001224                USART3_IRQHandler
                0x08001224                CAN1_RX1_IRQHandler
                0x08001224                UART5_IRQHandler
                0x08001224                DMA2_Stream0_IRQHandler
                0x08001224                TIM4_IRQHandler
                0x08001224                I2C1_EV_IRQHandler
                0x08001224                DMA1_Stream6_IRQHandler
                0x08001224                DMA1_Stream1_IRQHandler
                0x08001224                UART4_IRQHandler
                0x08001224                TIM3_IRQHandler
                0x08001224                RCC_IRQHandler
                0x08001224                TIM8_BRK_TIM12_IRQHandler
                0x08001224                Default_Handler
                0x08001224                EXTI15_10_IRQHandler
                0x08001224                ADC_IRQHandler
                0x08001224                DMA1_Stream7_IRQHandler
                0x08001224                TIM7_IRQHandler
                0x08001224                CAN2_TX_IRQHandler
                0x08001224                TIM5_IRQHandler
                0x08001224                DMA2_Stream7_IRQHandler
                0x08001224                I2C3_EV_IRQHandler
                0x08001224                EXTI9_5_IRQHandler
                0x08001224                RTC_WKUP_IRQHandler
                0x08001224                ETH_WKUP_IRQHandler
                0x08001224                SPI2_IRQHandler
                0x08001224                OTG_HS_EP1_IN_IRQHandler
                0x08001224                DMA1_Stream0_IRQHandler
                0x08001224                CAN1_TX_IRQHandler
                0x08001224                EXTI4_IRQHandler
                0x08001224                FSMC_IRQHandler
                0x08001224                ETH_IRQHandler
                0x08001224                OTG_HS_EP1_OUT_IRQHandler
                0x08001224                WWDG_IRQHandler
                0x08001224                TIM2_IRQHandler
                0x08001224                OTG_FS_WKUP_IRQHandler
                0x08001224                TIM1_TRG_COM_TIM11_IRQHandler
                0x08001224                OTG_HS_IRQHandler
                0x08001224                EXTI1_IRQHandler
                0x08001224                USART2_IRQHandler
                0x08001224                I2C2_ER_IRQHandler
                0x08001224                DMA2_Stream1_IRQHandler
                0x08001224                CAN1_SCE_IRQHandler
                0x08001224                FLASH_IRQHandler
                0x08001224                DMA2_Stream4_IRQHandler
                0x08001224                USART1_IRQHandler
                0x08001224                SPI3_IRQHandler
                0x08001224                DMA1_Stream4_IRQHandler
                0x08001224                I2C1_ER_IRQHandler
                0x08001224                DMA2_Stream6_IRQHandler
                0x08001224                DMA1_Stream3_IRQHandler
 *fill*         0x08001226        0x2 
 .text.HAL_Init
                0x08001228       0x44 ./Drivers/STM32F4xx_HAL_Driver/Src/stm32f4xx_hal.o
                0x08001228                HAL_Init
 .text.HAL_InitTick
                0x0800126c       0x60 ./Drivers/STM32F4xx_HAL_Driver/Src/stm32f4xx_hal.o
                0x0800126c                HAL_InitTick
 .text.HAL_IncTick
                0x080012cc       0x28 ./Drivers/STM32F4xx_HAL_Driver/Src/stm32f4xx_hal.o
                0x080012cc                HAL_IncTick
 .text.HAL_GetTick
                0x080012f4       0x18 ./Drivers/STM32F4xx_HAL_Driver/Src/stm32f4xx_hal.o
                0x080012f4                HAL_GetTick
 .text.HAL_Delay
                0x0800130c       0x48 ./Drivers/STM32F4xx_HAL_Driver/Src/stm32f4xx_hal.o
                0x0800130c                HAL_Delay
 .text.__NVIC_SetPriorityGrouping
                0x08001354       0x48 ./Drivers/STM32F4xx_HAL_Driver/Src/stm32f4xx_hal_cortex.o
 .text.__NVIC_GetPriorityGrouping
                0x0800139c       0x1c ./Drivers/STM32F4xx_HAL_Driver/Src/stm32f4xx_hal_cortex.o
 .text.__NVIC_SetPriority
                0x080013b8       0x54 ./Drivers/STM32F4xx_HAL_Driver/Src/stm32f4xx_hal_cortex.o
 .text.NVIC_EncodePriority
                0x0800140c       0x66 ./Drivers/STM32F4xx_HAL_Driver/Src/stm32f4xx_hal_cortex.o
 *fill*         0x08001472        0x2 
 .text.SysTick_Config
                0x08001474       0x44 ./Drivers/STM32F4xx_HAL_Driver/Src/stm32f4xx_hal_cortex.o
 .text.HAL_NVIC_SetPriorityGrouping
                0x080014b8       0x16 ./Drivers/STM32F4xx_HAL_Driver/Src/stm32f4xx_hal_cortex.o
                0x080014b8                HAL_NVIC_SetPriorityGrouping
 .text.HAL_NVIC_SetPriority
                0x080014ce       0x38 ./Drivers/STM32F4xx_HAL_Driver/Src/stm32f4xx_hal_cortex.o
                0x080014ce                HAL_NVIC_SetPriority
 .text.HAL_SYSTICK_Config
                0x08001506       0x18 ./Drivers/STM32F4xx_HAL_Driver/Src/stm32f4xx_hal_cortex.o
                0x08001506                HAL_SYSTICK_Config
 *fill*         0x0800151e        0x2 
 .text.HAL_GPIO_Init
                0x08001520      0x338 ./Drivers/STM32F4xx_HAL_Driver/Src/stm32f4xx_hal_gpio.o
                0x08001520                HAL_GPIO_Init
 .text.HAL_I2C_Init
                0x08001858      0x288 ./Drivers/STM32F4xx_HAL_Driver/Src/stm32f4xx_hal_i2c.o
                0x08001858                HAL_I2C_Init
 .text.HAL_I2C_Mem_Write
                0x08001ae0      0x1f4 ./Drivers/STM32F4xx_HAL_Driver/Src/stm32f4xx_hal_i2c.o
                0x08001ae0                HAL_I2C_Mem_Write
 .text.HAL_I2C_Mem_Read
                0x08001cd4      0x464 ./Drivers/STM32F4xx_HAL_Driver/Src/stm32f4xx_hal_i2c.o
                0x08001cd4                HAL_I2C_Mem_Read
 .text.I2C_RequestMemoryWrite
                0x08002138      0x12c ./Drivers/STM32F4xx_HAL_Driver/Src/stm32f4xx_hal_i2c.o
 .text.I2C_RequestMemoryRead
                0x08002264      0x1d0 ./Drivers/STM32F4xx_HAL_Driver/Src/stm32f4xx_hal_i2c.o
 .text.I2C_WaitOnFlagUntilTimeout
                0x08002434       0xf4 ./Drivers/STM32F4xx_HAL_Driver/Src/stm32f4xx_hal_i2c.o
 .text.I2C_WaitOnMasterAddressFlagUntilTimeout
                0x08002528      0x140 ./Drivers/STM32F4xx_HAL_Driver/Src/stm32f4xx_hal_i2c.o
 .text.I2C_WaitOnTXEFlagUntilTimeout
                0x08002668       0x90 ./Drivers/STM32F4xx_HAL_Driver/Src/stm32f4xx_hal_i2c.o
 .text.I2C_WaitOnBTFFlagUntilTimeout
                0x080026f8       0x90 ./Drivers/STM32F4xx_HAL_Driver/Src/stm32f4xx_hal_i2c.o
 .text.I2C_WaitOnRXNEFlagUntilTimeout
                0x08002788       0xba ./Drivers/STM32F4xx_HAL_Driver/Src/stm32f4xx_hal_i2c.o
 .text.I2C_IsAcknowledgeFailed
                0x08002842       0x5e ./Drivers/STM32F4xx_HAL_Driver/Src/stm32f4xx_hal_i2c.o
 .text.HAL_PCD_IRQHandler
                0x080028a0      0x942 ./Drivers/STM32F4xx_HAL_Driver/Src/stm32f4xx_hal_pcd.o
                0x080028a0                HAL_PCD_IRQHandler
 .text.HAL_PCD_SetAddress
                0x080031e2       0x48 ./Drivers/STM32F4xx_HAL_Driver/Src/stm32f4xx_hal_pcd.o
                0x080031e2                HAL_PCD_SetAddress
 .text.HAL_PCD_EP_Open
                0x0800322a       0xd4 ./Drivers/STM32F4xx_HAL_Driver/Src/stm32f4xx_hal_pcd.o
                0x0800322a                HAL_PCD_EP_Open
 .text.HAL_PCD_EP_Receive
                0x080032fe       0x76 ./Drivers/STM32F4xx_HAL_Driver/Src/stm32f4xx_hal_pcd.o
                0x080032fe                HAL_PCD_EP_Receive
 .text.HAL_PCD_EP_Transmit
                0x08003374       0x74 ./Drivers/STM32F4xx_HAL_Driver/Src/stm32f4xx_hal_pcd.o
                0x08003374                HAL_PCD_EP_Transmit
 .text.HAL_PCD_EP_SetStall
                0x080033e8       0xc6 ./Drivers/STM32F4xx_HAL_Driver/Src/stm32f4xx_hal_pcd.o
                0x080033e8                HAL_PCD_EP_SetStall
 .text.HAL_PCD_EP_ClrStall
                0x080034ae       0xac ./Drivers/STM32F4xx_HAL_Driver/Src/stm32f4xx_hal_pcd.o
                0x080034ae                HAL_PCD_EP_ClrStall
 .text.HAL_PCD_EP_Abort
                0x0800355a       0x62 ./Drivers/STM32F4xx_HAL_Driver/Src/stm32f4xx_hal_pcd.o
                0x0800355a                HAL_PCD_EP_Abort
 .text.PCD_WriteEmptyTxFifo
                0x080035bc      0x118 ./Drivers/STM32F4xx_HAL_Driver/Src/stm32f4xx_hal_pcd.o
 .text.PCD_EP_OutXfrComplete_int
                0x080036d4      0x1d0 ./Drivers/STM32F4xx_HAL_Driver/Src/stm32f4xx_hal_pcd.o
 .text.PCD_EP_OutSetupPacket_int
                0x080038a4       0x8c ./Drivers/STM32F4xx_HAL_Driver/Src/stm32f4xx_hal_pcd.o
 .text.HAL_PCDEx_LPM_Callback
                0x08003930       0x18 ./Drivers/STM32F4xx_HAL_Driver/Src/stm32f4xx_hal_pcd_ex.o
                0x08003930                HAL_PCDEx_LPM_Callback
 .text.HAL_RCC_OscConfig
                0x08003948      0x4f0 ./Drivers/STM32F4xx_HAL_Driver/Src/stm32f4xx_hal_rcc.o
                0x08003948                HAL_RCC_OscConfig
 .text.HAL_RCC_ClockConfig
                0x08003e38      0x1cc ./Drivers/STM32F4xx_HAL_Driver/Src/stm32f4xx_hal_rcc.o
                0x08003e38                HAL_RCC_ClockConfig
 .text.HAL_RCC_GetSysClockFreq
                0x08004004      0x20c ./Drivers/STM32F4xx_HAL_Driver/Src/stm32f4xx_hal_rcc.o
                0x08004004                HAL_RCC_GetSysClockFreq
 .text.HAL_RCC_GetHCLKFreq
                0x08004210       0x18 ./Drivers/STM32F4xx_HAL_Driver/Src/stm32f4xx_hal_rcc.o
                0x08004210                HAL_RCC_GetHCLKFreq
 .text.HAL_RCC_GetPCLK1Freq
                0x08004228       0x28 ./Drivers/STM32F4xx_HAL_Driver/Src/stm32f4xx_hal_rcc.o
                0x08004228                HAL_RCC_GetPCLK1Freq
 .text.HAL_RCC_GetPCLK2Freq
                0x08004250       0x28 ./Drivers/STM32F4xx_HAL_Driver/Src/stm32f4xx_hal_rcc.o
                0x08004250                HAL_RCC_GetPCLK2Freq
 .text.HAL_UART_Init
                0x08004278       0xa0 ./Drivers/STM32F4xx_HAL_Driver/Src/stm32f4xx_hal_uart.o
                0x08004278                HAL_UART_Init
 .text.HAL_UART_Transmit
                0x08004318      0x116 ./Drivers/STM32F4xx_HAL_Driver/Src/stm32f4xx_hal_uart.o
                0x08004318                HAL_UART_Transmit
 .text.UART_WaitOnFlagUntilTimeout
                0x0800442e       0xb2 ./Drivers/STM32F4xx_HAL_Driver/Src/stm32f4xx_hal_uart.o
 .text.UART_EndRxTransfer
                0x080044e0       0xc6 ./Drivers/STM32F4xx_HAL_Driver/Src/stm32f4xx_hal_uart.o
 *fill*         0x080045a6        0x2 
 .text.UART_SetConfig
                0x080045a8      0x4e8 ./Drivers/STM32F4xx_HAL_Driver/Src/stm32f4xx_hal_uart.o
 .text.USB_SetTurnaroundTime
                0x08004a90      0x144 ./Drivers/STM32F4xx_HAL_Driver/Src/stm32f4xx_ll_usb.o
                0x08004a90                USB_SetTurnaroundTime
 .text.USB_FlushTxFifo
                0x08004bd4       0x64 ./Drivers/STM32F4xx_HAL_Driver/Src/stm32f4xx_ll_usb.o
                0x08004bd4                USB_FlushTxFifo
 .text.USB_GetDevSpeed
                0x08004c38       0x4a ./Drivers/STM32F4xx_HAL_Driver/Src/stm32f4xx_ll_usb.o
                0x08004c38                USB_GetDevSpeed
 .text.USB_ActivateEndpoint
                0x08004c82      0x10e ./Drivers/STM32F4xx_HAL_Driver/Src/stm32f4xx_ll_usb.o
                0x08004c82                USB_ActivateEndpoint
 .text.USB_EPStartXfer
                0x08004d90      0x53c ./Drivers/STM32F4xx_HAL_Driver/Src/stm32f4xx_ll_usb.o
                0x08004d90                USB_EPStartXfer
 .text.USB_EPStopXfer
                0x080052cc      0x154 ./Drivers/STM32F4xx_HAL_Driver/Src/stm32f4xx_ll_usb.o
                0x080052cc                USB_EPStopXfer
 .text.USB_WritePacket
                0x08005420       0x7c ./Drivers/STM32F4xx_HAL_Driver/Src/stm32f4xx_ll_usb.o
                0x08005420                USB_WritePacket
 .text.USB_ReadPacket
                0x0800549c       0xb0 ./Drivers/STM32F4xx_HAL_Driver/Src/stm32f4xx_ll_usb.o
                0x0800549c                USB_ReadPacket
 .text.USB_EPSetStall
                0x0800554c       0xdc ./Drivers/STM32F4xx_HAL_Driver/Src/stm32f4xx_ll_usb.o
                0x0800554c                USB_EPSetStall
 .text.USB_EPClearStall
                0x08005628       0xcc ./Drivers/STM32F4xx_HAL_Driver/Src/stm32f4xx_ll_usb.o
                0x08005628                USB_EPClearStall
 .text.USB_SetDevAddress
                0x080056f4       0x4c ./Drivers/STM32F4xx_HAL_Driver/Src/stm32f4xx_ll_usb.o
                0x080056f4                USB_SetDevAddress
 .text.USB_ReadInterrupts
                0x08005740       0x26 ./Drivers/STM32F4xx_HAL_Driver/Src/stm32f4xx_ll_usb.o
                0x08005740                USB_ReadInterrupts
 .text.USB_ReadDevAllOutEpInterrupt
                0x08005766       0x34 ./Drivers/STM32F4xx_HAL_Driver/Src/stm32f4xx_ll_usb.o
                0x08005766                USB_ReadDevAllOutEpInterrupt
 .text.USB_ReadDevAllInEpInterrupt
                0x0800579a       0x34 ./Drivers/STM32F4xx_HAL_Driver/Src/stm32f4xx_ll_usb.o
                0x0800579a                USB_ReadDevAllInEpInterrupt
 .text.USB_ReadDevOutEPInterrupt
                0x080057ce       0x3c ./Drivers/STM32F4xx_HAL_Driver/Src/stm32f4xx_ll_usb.o
                0x080057ce                USB_ReadDevOutEPInterrupt
 .text.USB_ReadDevInEPInterrupt
                0x0800580a       0x5c ./Drivers/STM32F4xx_HAL_Driver/Src/stm32f4xx_ll_usb.o
                0x0800580a                USB_ReadDevInEPInterrupt
 .text.USB_GetMode
                0x08005866       0x1c ./Drivers/STM32F4xx_HAL_Driver/Src/stm32f4xx_ll_usb.o
                0x08005866                USB_GetMode
 .text.USB_ActivateSetup
                0x08005882       0x46 ./Drivers/STM32F4xx_HAL_Driver/Src/stm32f4xx_ll_usb.o
                0x08005882                USB_ActivateSetup
 .text.USB_EP0_OutStart
                0x080058c8       0xbc ./Drivers/STM32F4xx_HAL_Driver/Src/stm32f4xx_ll_usb.o
                0x080058c8                USB_EP0_OutStart
 .text.USBD_RunTestMode
                0x08005984       0x16 ./Middlewares/ST/STM32_USB_Device_Library/Core/Src/usbd_core.o
                0x08005984                USBD_RunTestMode
 .text.USBD_SetClassConfig
                0x0800599a       0x38 ./Middlewares/ST/STM32_USB_Device_Library/Core/Src/usbd_core.o
                0x0800599a                USBD_SetClassConfig
 .text.USBD_ClrClassConfig
                0x080059d2       0x34 ./Middlewares/ST/STM32_USB_Device_Library/Core/Src/usbd_core.o
                0x080059d2                USBD_ClrClassConfig
 .text.USBD_LL_SetupStage
                0x08005a06       0xaa ./Middlewares/ST/STM32_USB_Device_Library/Core/Src/usbd_core.o
                0x08005a06                USBD_LL_SetupStage
 .text.USBD_LL_DataOutStage
                0x08005ab0      0x178 ./Middlewares/ST/STM32_USB_Device_Library/Core/Src/usbd_core.o
                0x08005ab0                USBD_LL_DataOutStage
 .text.USBD_LL_DataInStage
                0x08005c28      0x176 ./Middlewares/ST/STM32_USB_Device_Library/Core/Src/usbd_core.o
                0x08005c28                USBD_LL_DataInStage
 .text.USBD_LL_Reset
                0x08005d9e       0xa6 ./Middlewares/ST/STM32_USB_Device_Library/Core/Src/usbd_core.o
                0x08005d9e                USBD_LL_Reset
 .text.USBD_LL_SetSpeed
                0x08005e44       0x20 ./Middlewares/ST/STM32_USB_Device_Library/Core/Src/usbd_core.o
                0x08005e44                USBD_LL_SetSpeed
 .text.USBD_LL_Suspend
                0x08005e64       0x38 ./Middlewares/ST/STM32_USB_Device_Library/Core/Src/usbd_core.o
                0x08005e64                USBD_LL_Suspend
 .text.USBD_LL_Resume
                0x08005e9c       0x30 ./Middlewares/ST/STM32_USB_Device_Library/Core/Src/usbd_core.o
                0x08005e9c                USBD_LL_Resume
 .text.USBD_LL_SOF
                0x08005ecc       0x40 ./Middlewares/ST/STM32_USB_Device_Library/Core/Src/usbd_core.o
                0x08005ecc                USBD_LL_SOF
 .text.USBD_LL_IsoINIncomplete
                0x08005f0c       0x64 ./Middlewares/ST/STM32_USB_Device_Library/Core/Src/usbd_core.o
                0x08005f0c                USBD_LL_IsoINIncomplete
 .text.USBD_LL_IsoOUTIncomplete
                0x08005f70       0x64 ./Middlewares/ST/STM32_USB_Device_Library/Core/Src/usbd_core.o
                0x08005f70                USBD_LL_IsoOUTIncomplete
 .text.USBD_LL_DevConnected
                0x08005fd4       0x16 ./Middlewares/ST/STM32_USB_Device_Library/Core/Src/usbd_core.o
                0x08005fd4                USBD_LL_DevConnected
 .text.USBD_LL_DevDisconnected
                0x08005fea       0x46 ./Middlewares/ST/STM32_USB_Device_Library/Core/Src/usbd_core.o
                0x08005fea                USBD_LL_DevDisconnected
 .text.USBD_CoreFindIF
                0x08006030       0x1a ./Middlewares/ST/STM32_USB_Device_Library/Core/Src/usbd_core.o
                0x08006030                USBD_CoreFindIF
 .text.USBD_CoreFindEP
                0x0800604a       0x1a ./Middlewares/ST/STM32_USB_Device_Library/Core/Src/usbd_core.o
                0x0800604a                USBD_CoreFindEP
 .text.SWAPBYTE
                0x08006064       0x3e ./Middlewares/ST/STM32_USB_Device_Library/Core/Src/usbd_ctlreq.o
 *fill*         0x080060a2        0x2 
 .text.USBD_StdDevReq
                0x080060a4       0xe4 ./Middlewares/ST/STM32_USB_Device_Library/Core/Src/usbd_ctlreq.o
                0x080060a4                USBD_StdDevReq
 .text.USBD_StdItfReq
                0x08006188       0xd8 ./Middlewares/ST/STM32_USB_Device_Library/Core/Src/usbd_ctlreq.o
                0x08006188                USBD_StdItfReq
 .text.USBD_StdEPReq
                0x08006260      0x33e ./Middlewares/ST/STM32_USB_Device_Library/Core/Src/usbd_ctlreq.o
                0x08006260                USBD_StdEPReq
 *fill*         0x0800659e        0x2 
 .text.USBD_GetDescriptor
                0x080065a0      0x2d4 ./Middlewares/ST/STM32_USB_Device_Library/Core/Src/usbd_ctlreq.o
 .text.USBD_SetAddress
                0x08006874       0x88 ./Middlewares/ST/STM32_USB_Device_Library/Core/Src/usbd_ctlreq.o
 .text.USBD_SetConfig
                0x080068fc      0x154 ./Middlewares/ST/STM32_USB_Device_Library/Core/Src/usbd_ctlreq.o
 .text.USBD_GetConfig
                0x08006a50       0x6c ./Middlewares/ST/STM32_USB_Device_Library/Core/Src/usbd_ctlreq.o
 .text.USBD_GetStatus
                0x08006abc       0x68 ./Middlewares/ST/STM32_USB_Device_Library/Core/Src/usbd_ctlreq.o
 .text.USBD_SetFeature
                0x08006b24       0x52 ./Middlewares/ST/STM32_USB_Device_Library/Core/Src/usbd_ctlreq.o
 .text.USBD_ClrFeature
                0x08006b76       0x44 ./Middlewares/ST/STM32_USB_Device_Library/Core/Src/usbd_ctlreq.o
 .text.USBD_ParseSetupRequest
                0x08006bba       0x74 ./Middlewares/ST/STM32_USB_Device_Library/Core/Src/usbd_ctlreq.o
                0x08006bba                USBD_ParseSetupRequest
 .text.USBD_CtlError
                0x08006c2e       0x22 ./Middlewares/ST/STM32_USB_Device_Library/Core/Src/usbd_ctlreq.o
                0x08006c2e                USBD_CtlError
 .text.USBD_CtlSendData
                0x08006c50       0x3c ./Middlewares/ST/STM32_USB_Device_Library/Core/Src/usbd_ioreq.o
                0x08006c50                USBD_CtlSendData
 .text.USBD_CtlContinueSendData
                0x08006c8c       0x22 ./Middlewares/ST/STM32_USB_Device_Library/Core/Src/usbd_ioreq.o
                0x08006c8c                USBD_CtlContinueSendData
 .text.USBD_CtlContinueRx
                0x08006cae       0x22 ./Middlewares/ST/STM32_USB_Device_Library/Core/Src/usbd_ioreq.o
                0x08006cae                USBD_CtlContinueRx
 .text.USBD_CtlSendStatus
                0x08006cd0       0x26 ./Middlewares/ST/STM32_USB_Device_Library/Core/Src/usbd_ioreq.o
                0x08006cd0                USBD_CtlSendStatus
 .text.USBD_CtlReceiveStatus
                0x08006cf6       0x26 ./Middlewares/ST/STM32_USB_Device_Library/Core/Src/usbd_ioreq.o
                0x08006cf6                USBD_CtlReceiveStatus
 .text.HAL_PCD_SetupStageCallback
                0x08006d1c       0x24 ./USB_DEVICE/Target/usbd_conf.o
                0x08006d1c                HAL_PCD_SetupStageCallback
 .text.HAL_PCD_DataOutStageCallback
                0x08006d40       0x36 ./USB_DEVICE/Target/usbd_conf.o
                0x08006d40                HAL_PCD_DataOutStageCallback
 .text.HAL_PCD_DataInStageCallback
                0x08006d76       0x34 ./USB_DEVICE/Target/usbd_conf.o
                0x08006d76                HAL_PCD_DataInStageCallback
 .text.HAL_PCD_SOFCallback
                0x08006daa       0x1c ./USB_DEVICE/Target/usbd_conf.o
                0x08006daa                HAL_PCD_SOFCallback
 .text.HAL_PCD_ResetCallback
                0x08006dc6       0x50 ./USB_DEVICE/Target/usbd_conf.o
                0x08006dc6                HAL_PCD_ResetCallback
 *fill*         0x08006e16        0x2 
 .text.HAL_PCD_SuspendCallback
                0x08006e18       0x4c ./USB_DEVICE/Target/usbd_conf.o
                0x08006e18                HAL_PCD_SuspendCallback
 .text.HAL_PCD_ResumeCallback
                0x08006e64       0x1c ./USB_DEVICE/Target/usbd_conf.o
                0x08006e64                HAL_PCD_ResumeCallback
 .text.HAL_PCD_ISOOUTIncompleteCallback
                0x08006e80       0x24 ./USB_DEVICE/Target/usbd_conf.o
                0x08006e80                HAL_PCD_ISOOUTIncompleteCallback
 .text.HAL_PCD_ISOINIncompleteCallback
                0x08006ea4       0x24 ./USB_DEVICE/Target/usbd_conf.o
                0x08006ea4                HAL_PCD_ISOINIncompleteCallback
 .text.HAL_PCD_ConnectCallback
                0x08006ec8       0x1c ./USB_DEVICE/Target/usbd_conf.o
                0x08006ec8                HAL_PCD_ConnectCallback
 .text.HAL_PCD_DisconnectCallback
                0x08006ee4       0x1c ./USB_DEVICE/Target/usbd_conf.o
                0x08006ee4                HAL_PCD_DisconnectCallback
 .text.USBD_LL_OpenEP
                0x08006f00       0x4c ./USB_DEVICE/Target/usbd_conf.o
                0x08006f00                USBD_LL_OpenEP
 .text.USBD_LL_StallEP
                0x08006f4c       0x3e ./USB_DEVICE/Target/usbd_conf.o
                0x08006f4c                USBD_LL_StallEP
 .text.USBD_LL_ClearStallEP
                0x08006f8a       0x3e ./USB_DEVICE/Target/usbd_conf.o
                0x08006f8a                USBD_LL_ClearStallEP
 .text.USBD_LL_IsStallEP
                0x08006fc8       0x58 ./USB_DEVICE/Target/usbd_conf.o
                0x08006fc8                USBD_LL_IsStallEP
 .text.USBD_LL_SetUSBAddress
                0x08007020       0x3e ./USB_DEVICE/Target/usbd_conf.o
                0x08007020                USBD_LL_SetUSBAddress
 .text.USBD_LL_Transmit
                0x0800705e       0x42 ./USB_DEVICE/Target/usbd_conf.o
                0x0800705e                USBD_LL_Transmit
 .text.USBD_LL_PrepareReceive
                0x080070a0       0x42 ./USB_DEVICE/Target/usbd_conf.o
                0x080070a0                USBD_LL_PrepareReceive
 *fill*         0x080070e2        0x2 
 .text.USBD_Get_USB_Status
                0x080070e4       0x58 ./USB_DEVICE/Target/usbd_conf.o
                0x080070e4                USBD_Get_USB_Status
 .text.funchad34.constprop.0
                0x0800713c       0x38 C:\Users\ab32a\Desktop\ESP_WITH_ANOM\NANO\Src\libneai.a(NanoEdgeAI.o)
 *fill*         0x08007174        0x4 
 .text.neai_anomalydetection_learn
                0x08007178      0x5cc C:\Users\ab32a\Desktop\ESP_WITH_ANOM\NANO\Src\libneai.a(NanoEdgeAI.o)
                0x08007178                neai_anomalydetection_learn
 *fill*         0x08007744        0x4 
 .text.neai_anomalydetection_detect
                0x08007748      0x3dc C:\Users\ab32a\Desktop\ESP_WITH_ANOM\NANO\Src\libneai.a(NanoEdgeAI.o)
                0x08007748                neai_anomalydetection_detect
 .text._fminf   0x08007b24        0x4 C:\Users\ab32a\Desktop\ESP_WITH_ANOM\NANO\Src\libneai.a(NanoEdgeAI.o)
                0x08007b24                _fminf
 .text.neai_anomalydetection_init
                0x08007b28       0xe0 C:\Users\ab32a\Desktop\ESP_WITH_ANOM\NANO\Src\libneai.a(NanoEdgeAI.o)
                0x08007b28                neai_anomalydetection_init
 .text._vsnprintf_r
                0x08007c08       0x5c C:/ST/STM32CubeIDE_1.18.1/STM32CubeIDE/plugins/com.st.stm32cube.ide.mcu.externaltools.gnu-tools-for-stm32.13.3.rel1.win32_1.0.0.202411081344/tools/bin/../lib/gcc/arm-none-eabi/13.3.1/../../../../arm-none-eabi/lib/thumb/v7e-m+fp/hard\libc_nano.a(libc_a-vsnprintf.o)
                0x08007c08                _vsniprintf_r
                0x08007c08                _vsnprintf_r
 .text.vsnprintf
                0x08007c64       0x1c C:/ST/STM32CubeIDE_1.18.1/STM32CubeIDE/plugins/com.st.stm32cube.ide.mcu.externaltools.gnu-tools-for-stm32.13.3.rel1.win32_1.0.0.202411081344/tools/bin/../lib/gcc/arm-none-eabi/13.3.1/../../../../arm-none-eabi/lib/thumb/v7e-m+fp/hard\libc_nano.a(libc_a-vsnprintf.o)
                0x08007c64                vsniprintf
                0x08007c64                vsnprintf
 .text.memset   0x08007c80       0x10 C:/ST/STM32CubeIDE_1.18.1/STM32CubeIDE/plugins/com.st.stm32cube.ide.mcu.externaltools.gnu-tools-for-stm32.13.3.rel1.win32_1.0.0.202411081344/tools/bin/../lib/gcc/arm-none-eabi/13.3.1/../../../../arm-none-eabi/lib/thumb/v7e-m+fp/hard\libc_nano.a(libc_a-memset.o)
                0x08007c80                memset
 .text.__errno  0x08007c90        0xc C:/ST/STM32CubeIDE_1.18.1/STM32CubeIDE/plugins/com.st.stm32cube.ide.mcu.externaltools.gnu-tools-for-stm32.13.3.rel1.win32_1.0.0.202411081344/tools/bin/../lib/gcc/arm-none-eabi/13.3.1/../../../../arm-none-eabi/lib/thumb/v7e-m+fp/hard\libc_nano.a(libc_a-errno.o)
                0x08007c90                __errno
 .text.__libc_init_array
                0x08007c9c       0x48 C:/ST/STM32CubeIDE_1.18.1/STM32CubeIDE/plugins/com.st.stm32cube.ide.mcu.externaltools.gnu-tools-for-stm32.13.3.rel1.win32_1.0.0.202411081344/tools/bin/../lib/gcc/arm-none-eabi/13.3.1/../../../../arm-none-eabi/lib/thumb/v7e-m+fp/hard\libc_nano.a(libc_a-init.o)
                0x08007c9c                __libc_init_array
 .text.__retarget_lock_acquire_recursive
                0x08007ce4        0x2 C:/ST/STM32CubeIDE_1.18.1/STM32CubeIDE/plugins/com.st.stm32cube.ide.mcu.externaltools.gnu-tools-for-stm32.13.3.rel1.win32_1.0.0.202411081344/tools/bin/../lib/gcc/arm-none-eabi/13.3.1/../../../../arm-none-eabi/lib/thumb/v7e-m+fp/hard\libc_nano.a(libc_a-lock.o)
                0x08007ce4                __retarget_lock_acquire_recursive
 .text.__retarget_lock_release_recursive
                0x08007ce6        0x2 C:/ST/STM32CubeIDE_1.18.1/STM32CubeIDE/plugins/com.st.stm32cube.ide.mcu.externaltools.gnu-tools-for-stm32.13.3.rel1.win32_1.0.0.202411081344/tools/bin/../lib/gcc/arm-none-eabi/13.3.1/../../../../arm-none-eabi/lib/thumb/v7e-m+fp/hard\libc_nano.a(libc_a-lock.o)
                0x08007ce6                __retarget_lock_release_recursive
 .text._free_r  0x08007ce8       0x94 C:/ST/STM32CubeIDE_1.18.1/STM32CubeIDE/plugins/com.st.stm32cube.ide.mcu.externaltools.gnu-tools-for-stm32.13.3.rel1.win32_1.0.0.202411081344/tools/bin/../lib/gcc/arm-none-eabi/13.3.1/../../../../arm-none-eabi/lib/thumb/v7e-m+fp/hard\libc_nano.a(libc_a-freer.o)
                0x08007ce8                _free_r
 .text.sbrk_aligned
                0x08007d7c       0x44 C:/ST/STM32CubeIDE_1.18.1/STM32CubeIDE/plugins/com.st.stm32cube.ide.mcu.externaltools.gnu-tools-for-stm32.13.3.rel1.win32_1.0.0.202411081344/tools/bin/../lib/gcc/arm-none-eabi/13.3.1/../../../../arm-none-eabi/lib/thumb/v7e-m+fp/hard\libc_nano.a(libc_a-mallocr.o)
 .text._malloc_r
                0x08007dc0      0x100 C:/ST/STM32CubeIDE_1.18.1/STM32CubeIDE/plugins/com.st.stm32cube.ide.mcu.externaltools.gnu-tools-for-stm32.13.3.rel1.win32_1.0.0.202411081344/tools/bin/../lib/gcc/arm-none-eabi/13.3.1/../../../../arm-none-eabi/lib/thumb/v7e-m+fp/hard\libc_nano.a(libc_a-mallocr.o)
                0x08007dc0                _malloc_r
 .text.__malloc_lock
                0x08007ec0        0xc C:/ST/STM32CubeIDE_1.18.1/STM32CubeIDE/plugins/com.st.stm32cube.ide.mcu.externaltools.gnu-tools-for-stm32.13.3.rel1.win32_1.0.0.202411081344/tools/bin/../lib/gcc/arm-none-eabi/13.3.1/../../../../arm-none-eabi/lib/thumb/v7e-m+fp/hard\libc_nano.a(libc_a-mlock.o)
                0x08007ec0                __malloc_lock
 .text.__malloc_unlock
                0x08007ecc        0xc C:/ST/STM32CubeIDE_1.18.1/STM32CubeIDE/plugins/com.st.stm32cube.ide.mcu.externaltools.gnu-tools-for-stm32.13.3.rel1.win32_1.0.0.202411081344/tools/bin/../lib/gcc/arm-none-eabi/13.3.1/../../../../arm-none-eabi/lib/thumb/v7e-m+fp/hard\libc_nano.a(libc_a-mlock.o)
                0x08007ecc                __malloc_unlock
 .text.__ssputs_r
                0x08007ed8       0xb6 C:/ST/STM32CubeIDE_1.18.1/STM32CubeIDE/plugins/com.st.stm32cube.ide.mcu.externaltools.gnu-tools-for-stm32.13.3.rel1.win32_1.0.0.202411081344/tools/bin/../lib/gcc/arm-none-eabi/13.3.1/../../../../arm-none-eabi/lib/thumb/v7e-m+fp/hard\libc_nano.a(libc_a-nano-svfprintf.o)
                0x08007ed8                __ssputs_r
 *fill*         0x08007f8e        0x2 
 .text._svfprintf_r
                0x08007f90      0x1f8 C:/ST/STM32CubeIDE_1.18.1/STM32CubeIDE/plugins/com.st.stm32cube.ide.mcu.externaltools.gnu-tools-for-stm32.13.3.rel1.win32_1.0.0.202411081344/tools/bin/../lib/gcc/arm-none-eabi/13.3.1/../../../../arm-none-eabi/lib/thumb/v7e-m+fp/hard\libc_nano.a(libc_a-nano-svfprintf.o)
                0x08007f90                _svfiprintf_r
                0x08007f90                _svfprintf_r
 .text._printf_common
                0x08008188       0xda C:/ST/STM32CubeIDE_1.18.1/STM32CubeIDE/plugins/com.st.stm32cube.ide.mcu.externaltools.gnu-tools-for-stm32.13.3.rel1.win32_1.0.0.202411081344/tools/bin/../lib/gcc/arm-none-eabi/13.3.1/../../../../arm-none-eabi/lib/thumb/v7e-m+fp/hard\libc_nano.a(libc_a-nano-vfprintf_i.o)
                0x08008188                _printf_common
 *fill*         0x08008262        0x2 
 .text._printf_i
                0x08008264      0x23c C:/ST/STM32CubeIDE_1.18.1/STM32CubeIDE/plugins/com.st.stm32cube.ide.mcu.externaltools.gnu-tools-for-stm32.13.3.rel1.win32_1.0.0.202411081344/tools/bin/../lib/gcc/arm-none-eabi/13.3.1/../../../../arm-none-eabi/lib/thumb/v7e-m+fp/hard\libc_nano.a(libc_a-nano-vfprintf_i.o)
                0x08008264                _printf_i
 .text.memmove  0x080084a0       0x34 C:/ST/STM32CubeIDE_1.18.1/STM32CubeIDE/plugins/com.st.stm32cube.ide.mcu.externaltools.gnu-tools-for-stm32.13.3.rel1.win32_1.0.0.202411081344/tools/bin/../lib/gcc/arm-none-eabi/13.3.1/../../../../arm-none-eabi/lib/thumb/v7e-m+fp/hard\libc_nano.a(libc_a-memmove.o)
                0x080084a0                memmove
 .text._sbrk_r  0x080084d4       0x20 C:/ST/STM32CubeIDE_1.18.1/STM32CubeIDE/plugins/com.st.stm32cube.ide.mcu.externaltools.gnu-tools-for-stm32.13.3.rel1.win32_1.0.0.202411081344/tools/bin/../lib/gcc/arm-none-eabi/13.3.1/../../../../arm-none-eabi/lib/thumb/v7e-m+fp/hard\libc_nano.a(libc_a-sbrkr.o)
                0x080084d4                _sbrk_r
 .text.memcpy   0x080084f4       0x1c C:/ST/STM32CubeIDE_1.18.1/STM32CubeIDE/plugins/com.st.stm32cube.ide.mcu.externaltools.gnu-tools-for-stm32.13.3.rel1.win32_1.0.0.202411081344/tools/bin/../lib/gcc/arm-none-eabi/13.3.1/../../../../arm-none-eabi/lib/thumb/v7e-m+fp/hard\libc_nano.a(libc_a-memcpy-stub.o)
                0x080084f4                memcpy
 .text._realloc_r
                0x08008510       0x5c C:/ST/STM32CubeIDE_1.18.1/STM32CubeIDE/plugins/com.st.stm32cube.ide.mcu.externaltools.gnu-tools-for-stm32.13.3.rel1.win32_1.0.0.202411081344/tools/bin/../lib/gcc/arm-none-eabi/13.3.1/../../../../arm-none-eabi/lib/thumb/v7e-m+fp/hard\libc_nano.a(libc_a-reallocr.o)
                0x08008510                _realloc_r
 .text._malloc_usable_size_r
                0x0800856c       0x10 C:/ST/STM32CubeIDE_1.18.1/STM32CubeIDE/plugins/com.st.stm32cube.ide.mcu.externaltools.gnu-tools-for-stm32.13.3.rel1.win32_1.0.0.202411081344/tools/bin/../lib/gcc/arm-none-eabi/13.3.1/../../../../arm-none-eabi/lib/thumb/v7e-m+fp/hard\libc_nano.a(libc_a-msizer.o)
                0x0800856c                _malloc_usable_size_r
 .text.fmax     0x0800857c       0x54 C:/ST/STM32CubeIDE_1.18.1/STM32CubeIDE/plugins/com.st.stm32cube.ide.mcu.externaltools.gnu-tools-for-stm32.13.3.rel1.win32_1.0.0.202411081344/tools/bin/../lib/gcc/arm-none-eabi/13.3.1/../../../../arm-none-eabi/lib/thumb/v7e-m+fp/hard\libm.a(libm_a-s_fmax.o)
                0x0800857c                fmax
 .text.__fpclassifyd
                0x080085d0       0x48 C:/ST/STM32CubeIDE_1.18.1/STM32CubeIDE/plugins/com.st.stm32cube.ide.mcu.externaltools.gnu-tools-for-stm32.13.3.rel1.win32_1.0.0.202411081344/tools/bin/../lib/gcc/arm-none-eabi/13.3.1/../../../../arm-none-eabi/lib/thumb/v7e-m+fp/hard\libm.a(libm_a-s_fpclassify.o)
                0x080085d0                __fpclassifyd
 .text.fminf    0x08008618       0x3a C:/ST/STM32CubeIDE_1.18.1/STM32CubeIDE/plugins/com.st.stm32cube.ide.mcu.externaltools.gnu-tools-for-stm32.13.3.rel1.win32_1.0.0.202411081344/tools/bin/../lib/gcc/arm-none-eabi/13.3.1/../../../../arm-none-eabi/lib/thumb/v7e-m+fp/hard\libm.a(libm_a-sf_fmin.o)
                0x08008618                fminf
 *fill*         0x08008652        0x2 
 .text.__fpclassifyf
                0x08008654       0x38 C:/ST/STM32CubeIDE_1.18.1/STM32CubeIDE/plugins/com.st.stm32cube.ide.mcu.externaltools.gnu-tools-for-stm32.13.3.rel1.win32_1.0.0.202411081344/tools/bin/../lib/gcc/arm-none-eabi/13.3.1/../../../../arm-none-eabi/lib/thumb/v7e-m+fp/hard\libm.a(libm_a-sf_fpclassify.o)
                0x08008654                __fpclassifyf
 *(.glue_7)
 .glue_7        0x0800868c        0x0 linker stubs
 *(.glue_7t)
 .glue_7t       0x0800868c        0x0 linker stubs
 *(.eh_frame)
 .eh_frame      0x0800868c        0x0 C:/ST/STM32CubeIDE_1.18.1/STM32CubeIDE/plugins/com.st.stm32cube.ide.mcu.externaltools.gnu-tools-for-stm32.13.3.rel1.win32_1.0.0.202411081344/tools/bin/../lib/gcc/arm-none-eabi/13.3.1/thumb/v7e-m+fp/hard/crtbegin.o
 *(.init)
 .init          0x0800868c        0x4 C:/ST/STM32CubeIDE_1.18.1/STM32CubeIDE/plugins/com.st.stm32cube.ide.mcu.externaltools.gnu-tools-for-stm32.13.3.rel1.win32_1.0.0.202411081344/tools/bin/../lib/gcc/arm-none-eabi/13.3.1/thumb/v7e-m+fp/hard/crti.o
                0x0800868c                _init
 .init          0x08008690        0x8 C:/ST/STM32CubeIDE_1.18.1/STM32CubeIDE/plugins/com.st.stm32cube.ide.mcu.externaltools.gnu-tools-for-stm32.13.3.rel1.win32_1.0.0.202411081344/tools/bin/../lib/gcc/arm-none-eabi/13.3.1/thumb/v7e-m+fp/hard/crtn.o
 *(.fini)
 .fini          0x08008698        0x4 C:/ST/STM32CubeIDE_1.18.1/STM32CubeIDE/plugins/com.st.stm32cube.ide.mcu.externaltools.gnu-tools-for-stm32.13.3.rel1.win32_1.0.0.202411081344/tools/bin/../lib/gcc/arm-none-eabi/13.3.1/thumb/v7e-m+fp/hard/crti.o
                0x08008698                _fini
 .fini          0x0800869c        0x8 C:/ST/STM32CubeIDE_1.18.1/STM32CubeIDE/plugins/com.st.stm32cube.ide.mcu.externaltools.gnu-tools-for-stm32.13.3.rel1.win32_1.0.0.202411081344/tools/bin/../lib/gcc/arm-none-eabi/13.3.1/thumb/v7e-m+fp/hard/crtn.o
                0x080086a4                        . = ALIGN (0x4)
                0x080086a4                        _etext = .

.vfp11_veneer   0x080086a4        0x0
 .vfp11_veneer  0x080086a4        0x0 linker stubs

.v4_bx          0x080086a4        0x0
 .v4_bx         0x080086a4        0x0 linker stubs

.iplt           0x080086a4        0x0
 .iplt          0x080086a4        0x0 C:/ST/STM32CubeIDE_1.18.1/STM32CubeIDE/plugins/com.st.stm32cube.ide.mcu.externaltools.gnu-tools-for-stm32.13.3.rel1.win32_1.0.0.202411081344/tools/bin/../lib/gcc/arm-none-eabi/13.3.1/thumb/v7e-m+fp/hard/crtbegin.o

.rodata         0x080086a4       0xd4
                0x080086a4                        . = ALIGN (0x4)
 *(.rodata)
 .rodata        0x080086a4       0x85 ./Core/Src/main.o
 *(.rodata*)
 *fill*         0x08008729        0x3 
 .rodata.AHBPrescTable
                0x0800872c       0x10 ./Core/Src/system_stm32f4xx.o
                0x0800872c                AHBPrescTable
 .rodata.APBPrescTable
                0x0800873c        0x8 ./Core/Src/system_stm32f4xx.o
                0x0800873c                APBPrescTable
 .rodata._svfprintf_r.str1.1
                0x08008744       0x33 C:/ST/STM32CubeIDE_1.18.1/STM32CubeIDE/plugins/com.st.stm32cube.ide.mcu.externaltools.gnu-tools-for-stm32.13.3.rel1.win32_1.0.0.202411081344/tools/bin/../lib/gcc/arm-none-eabi/13.3.1/../../../../arm-none-eabi/lib/thumb/v7e-m+fp/hard\libc_nano.a(libc_a-nano-svfprintf.o)
                                 0x11 (size before relaxing)
 .rodata._printf_i.str1.1
                0x08008777       0x22 C:/ST/STM32CubeIDE_1.18.1/STM32CubeIDE/plugins/com.st.stm32cube.ide.mcu.externaltools.gnu-tools-for-stm32.13.3.rel1.win32_1.0.0.202411081344/tools/bin/../lib/gcc/arm-none-eabi/13.3.1/../../../../arm-none-eabi/lib/thumb/v7e-m+fp/hard\libc_nano.a(libc_a-nano-vfprintf_i.o)
                0x0800879c                        . = ALIGN (0x4)
 *fill*         0x08008777        0x1 

.ARM.extab      0x08008778        0x0
                0x08008778                        . = ALIGN (0x4)
 *(.ARM.extab* .gnu.linkonce.armextab.*)
                0x08008778                        . = ALIGN (0x4)

.ARM            0x08008778        0x8
                0x08008778                        . = ALIGN (0x4)
                0x08008778                        __exidx_start = .
 *(.ARM.exidx*)
 .ARM.exidx     0x08008778        0x8 C:/ST/STM32CubeIDE_1.18.1/STM32CubeIDE/plugins/com.st.stm32cube.ide.mcu.externaltools.gnu-tools-for-stm32.13.3.rel1.win32_1.0.0.202411081344/tools/bin/../lib/gcc/arm-none-eabi/13.3.1/../../../../arm-none-eabi/lib/thumb/v7e-m+fp/hard\libc_nano.a(libc_a-strlen.o)
 .ARM.exidx     0x08008780        0x0 C:/ST/STM32CubeIDE_1.18.1/STM32CubeIDE/plugins/com.st.stm32cube.ide.mcu.externaltools.gnu-tools-for-stm32.13.3.rel1.win32_1.0.0.202411081344/tools/bin/../lib/gcc/arm-none-eabi/13.3.1/../../../../arm-none-eabi/lib/thumb/v7e-m+fp/hard\libc_nano.a(libc_a-memchr.o)
                                  0x8 (size before relaxing)
 .ARM.exidx     0x08008780        0x0 C:/ST/STM32CubeIDE_1.18.1/STM32CubeIDE/plugins/com.st.stm32cube.ide.mcu.externaltools.gnu-tools-for-stm32.13.3.rel1.win32_1.0.0.202411081344/tools/bin/../lib/gcc/arm-none-eabi/13.3.1/thumb/v7e-m+fp/hard\libgcc.a(_udivmoddi4.o)
                                  0x8 (size before relaxing)
                0x08008780                        __exidx_end = .
                0x08008780                        . = ALIGN (0x4)

.preinit_array  0x08008780        0x0
                0x08008780                        . = ALIGN (0x4)
                0x08008780                        PROVIDE (__preinit_array_start = .)
 *(.preinit_array*)
                0x08008780                        PROVIDE (__preinit_array_end = .)
                0x08008780                        . = ALIGN (0x4)

.init_array     0x08008780        0x4
                0x08008780                        . = ALIGN (0x4)
                0x08008780                        PROVIDE (__init_array_start = .)
 *(SORT_BY_NAME(.init_array.*))
 *(.init_array*)
 .init_array    0x08008780        0x4 C:/ST/STM32CubeIDE_1.18.1/STM32CubeIDE/plugins/com.st.stm32cube.ide.mcu.externaltools.gnu-tools-for-stm32.13.3.rel1.win32_1.0.0.202411081344/tools/bin/../lib/gcc/arm-none-eabi/13.3.1/thumb/v7e-m+fp/hard/crtbegin.o
                0x08008784                        PROVIDE (__init_array_end = .)
                0x08008784                        . = ALIGN (0x4)

.fini_array     0x08008784        0x4
                0x08008784                        . = ALIGN (0x4)
                [!provide]                        PROVIDE (__fini_array_start = .)
 *(SORT_BY_NAME(.fini_array.*))
 *(.fini_array*)
 .fini_array    0x08008784        0x4 C:/ST/STM32CubeIDE_1.18.1/STM32CubeIDE/plugins/com.st.stm32cube.ide.mcu.externaltools.gnu-tools-for-stm32.13.3.rel1.win32_1.0.0.202411081344/tools/bin/../lib/gcc/arm-none-eabi/13.3.1/thumb/v7e-m+fp/hard/crtbegin.o
                [!provide]                        PROVIDE (__fini_array_end = .)
                0x08008788                        . = ALIGN (0x4)
                0x08008788                        _sidata = LOADADDR (.data)

.rel.dyn        0x08008788        0x0
 .rel.iplt      0x08008788        0x0 C:/ST/STM32CubeIDE_1.18.1/STM32CubeIDE/plugins/com.st.stm32cube.ide.mcu.externaltools.gnu-tools-for-stm32.13.3.rel1.win32_1.0.0.202411081344/tools/bin/../lib/gcc/arm-none-eabi/13.3.1/thumb/v7e-m+fp/hard/crtbegin.o

.data           0x20000000       0x60 load address 0x08008788
                0x20000000                        . = ALIGN (0x4)
                0x20000000                        _sdata = .
 *(.data)
 *(.data*)
 .data.SystemCoreClock
                0x20000000        0x4 ./Core/Src/system_stm32f4xx.o
                0x20000000                SystemCoreClock
 .data.uwTickPrio
                0x20000004        0x4 ./Drivers/STM32F4xx_HAL_Driver/Src/stm32f4xx_hal.o
                0x20000004                uwTickPrio
 .data.uwTickFreq
                0x20000008        0x1 ./Drivers/STM32F4xx_HAL_Driver/Src/stm32f4xx_hal.o
                0x20000008                uwTickFreq
 *fill*         0x20000009        0x3 
 .data.funccad40
                0x2000000c        0x4 C:\Users\ab32a\Desktop\ESP_WITH_ANOM\NANO\Src\libneai.a(NanoEdgeAI.o)
 .data._impure_ptr
                0x20000010        0x4 C:/ST/STM32CubeIDE_1.18.1/STM32CubeIDE/plugins/com.st.stm32cube.ide.mcu.externaltools.gnu-tools-for-stm32.13.3.rel1.win32_1.0.0.202411081344/tools/bin/../lib/gcc/arm-none-eabi/13.3.1/../../../../arm-none-eabi/lib/thumb/v7e-m+fp/hard\libc_nano.a(libc_a-impure.o)
                0x20000010                _impure_ptr
 .data._impure_data
                0x20000014       0x4c C:/ST/STM32CubeIDE_1.18.1/STM32CubeIDE/plugins/com.st.stm32cube.ide.mcu.externaltools.gnu-tools-for-stm32.13.3.rel1.win32_1.0.0.202411081344/tools/bin/../lib/gcc/arm-none-eabi/13.3.1/../../../../arm-none-eabi/lib/thumb/v7e-m+fp/hard\libc_nano.a(libc_a-impure.o)
                0x20000014                _impure_data
 *(.RamFunc)
 *(.RamFunc*)
                0x20000060                        . = ALIGN (0x4)
                0x20000060                        _edata = .
                0x08008844                        _siccmram = LOADADDR (.ccmram)

.igot.plt       0x20000060        0x0 load address 0x080087e8
 .igot.plt      0x20000060        0x0 C:/ST/STM32CubeIDE_1.18.1/STM32CubeIDE/plugins/com.st.stm32cube.ide.mcu.externaltools.gnu-tools-for-stm32.13.3.rel1.win32_1.0.0.202411081344/tools/bin/../lib/gcc/arm-none-eabi/13.3.1/thumb/v7e-m+fp/hard/crtbegin.o

.neai           0x20000060       0x5c load address 0x080087e8
 .neai          0x20000060       0x5c C:\Users\ab32a\Desktop\ESP_WITH_ANOM\NANO\Src\libneai.a(NanoEdgeAI.o)

.ccmram         0x10000000        0x0 load address 0x08008844
                0x10000000                        . = ALIGN (0x4)
                0x10000000                        _sccmram = .
 *(.ccmram)
 *(.ccmram*)
                0x10000000                        . = ALIGN (0x4)
                0x10000000                        _eccmram = .
                0x10000000                        . = ALIGN (0x4)

.bss            0x200000bc      0xbc0
                0x200000bc                        _sbss = .
                0x200000bc                        __bss_start__ = _sbss
 *(.bss)
 .bss           0x200000bc       0x1c C:/ST/STM32CubeIDE_1.18.1/STM32CubeIDE/plugins/com.st.stm32cube.ide.mcu.externaltools.gnu-tools-for-stm32.13.3.rel1.win32_1.0.0.202411081344/tools/bin/../lib/gcc/arm-none-eabi/13.3.1/thumb/v7e-m+fp/hard/crtbegin.o
 *(.bss*)
 .bss.hi2c1     0x200000d8       0x54 ./Core/Src/i2c.o
                0x200000d8                hi2c1
 .bss.acc_buffer
                0x2000012c      0x4b0 ./Core/Src/main.o
                0x2000012c                acc_buffer
 .bss.__sbrk_heap_end
                0x200005dc        0x4 ./Core/Src/sysmem.o
 .bss.huart2    0x200005e0       0x48 ./Core/Src/usart.o
                0x200005e0                huart2
 .bss.uwTick    0x20000628        0x4 ./Drivers/STM32F4xx_HAL_Driver/Src/stm32f4xx_hal.o
                0x20000628                uwTick
 .bss.cfgidx.0  0x2000062c        0x1 ./Middlewares/ST/STM32_USB_Device_Library/Core/Src/usbd_ctlreq.o
 *fill*         0x2000062d        0x3 
 .bss.hpcd_USB_OTG_FS
                0x20000630      0x4e4 ./USB_DEVICE/Target/usbd_conf.o
                0x20000630                hpcd_USB_OTG_FS
 .bss.funccad77
                0x20000b14        0x4 C:\Users\ab32a\Desktop\ESP_WITH_ANOM\NANO\Src\libneai.a(NanoEdgeAI.o)
 .bss.funccad35
                0x20000b18       0x18 C:\Users\ab32a\Desktop\ESP_WITH_ANOM\NANO\Src\libneai.a(NanoEdgeAI.o)
 .bss.varcad24  0x20000b30        0x4 C:\Users\ab32a\Desktop\ESP_WITH_ANOM\NANO\Src\libneai.a(NanoEdgeAI.o)
 .bss.__sf      0x20000b34      0x138 C:/ST/STM32CubeIDE_1.18.1/STM32CubeIDE/plugins/com.st.stm32cube.ide.mcu.externaltools.gnu-tools-for-stm32.13.3.rel1.win32_1.0.0.202411081344/tools/bin/../lib/gcc/arm-none-eabi/13.3.1/../../../../arm-none-eabi/lib/thumb/v7e-m+fp/hard\libc_nano.a(libc_a-findfp.o)
                0x20000b34                __sf
 .bss.errno     0x20000c6c        0x4 C:/ST/STM32CubeIDE_1.18.1/STM32CubeIDE/plugins/com.st.stm32cube.ide.mcu.externaltools.gnu-tools-for-stm32.13.3.rel1.win32_1.0.0.202411081344/tools/bin/../lib/gcc/arm-none-eabi/13.3.1/../../../../arm-none-eabi/lib/thumb/v7e-m+fp/hard\libc_nano.a(libc_a-reent.o)
                0x20000c6c                errno
 .bss.__lock___malloc_recursive_mutex
                0x20000c70        0x1 C:/ST/STM32CubeIDE_1.18.1/STM32CubeIDE/plugins/com.st.stm32cube.ide.mcu.externaltools.gnu-tools-for-stm32.13.3.rel1.win32_1.0.0.202411081344/tools/bin/../lib/gcc/arm-none-eabi/13.3.1/../../../../arm-none-eabi/lib/thumb/v7e-m+fp/hard\libc_nano.a(libc_a-lock.o)
                0x20000c70                __lock___malloc_recursive_mutex
 *fill*         0x20000c71        0x3 
 .bss.__malloc_sbrk_start
                0x20000c74        0x4 C:/ST/STM32CubeIDE_1.18.1/STM32CubeIDE/plugins/com.st.stm32cube.ide.mcu.externaltools.gnu-tools-for-stm32.13.3.rel1.win32_1.0.0.202411081344/tools/bin/../lib/gcc/arm-none-eabi/13.3.1/../../../../arm-none-eabi/lib/thumb/v7e-m+fp/hard\libc_nano.a(libc_a-mallocr.o)
                0x20000c74                __malloc_sbrk_start
 .bss.__malloc_free_list
                0x20000c78        0x4 C:/ST/STM32CubeIDE_1.18.1/STM32CubeIDE/plugins/com.st.stm32cube.ide.mcu.externaltools.gnu-tools-for-stm32.13.3.rel1.win32_1.0.0.202411081344/tools/bin/../lib/gcc/arm-none-eabi/13.3.1/../../../../arm-none-eabi/lib/thumb/v7e-m+fp/hard\libc_nano.a(libc_a-mallocr.o)
                0x20000c78                __malloc_free_list
 *(COMMON)
                0x20000c7c                        . = ALIGN (0x4)
                0x20000c7c                        _ebss = .
                0x20000c7c                        __bss_end__ = _ebss

._user_heap_stack
                0x20000c7c      0x604
                0x20000c80                        . = ALIGN (0x8)
 *fill*         0x20000c7c        0x4 
                [!provide]                        PROVIDE (end = .)
                0x20000c80                        PROVIDE (_end = .)
                0x20000e80                        . = (. + _Min_Heap_Size)
 *fill*         0x20000c80      0x200 
                0x20001280                        . = (. + _Min_Stack_Size)
 *fill*         0x20000e80      0x400 
                0x20001280                        . = ALIGN (0x8)

/DISCARD/
 libc.a(*)
 libm.a(*)
 libgcc.a(*)

.ARM.attributes
                0x00000000       0x30
 *(.ARM.attributes)
 .ARM.attributes
                0x00000000       0x22 C:/ST/STM32CubeIDE_1.18.1/STM32CubeIDE/plugins/com.st.stm32cube.ide.mcu.externaltools.gnu-tools-for-stm32.13.3.rel1.win32_1.0.0.202411081344/tools/bin/../lib/gcc/arm-none-eabi/13.3.1/thumb/v7e-m+fp/hard/crti.o
 .ARM.attributes
                0x00000022       0x34 C:/ST/STM32CubeIDE_1.18.1/STM32CubeIDE/plugins/com.st.stm32cube.ide.mcu.externaltools.gnu-tools-for-stm32.13.3.rel1.win32_1.0.0.202411081344/tools/bin/../lib/gcc/arm-none-eabi/13.3.1/thumb/v7e-m+fp/hard/crtbegin.o
 .ARM.attributes
                0x00000056       0x34 ./Core/Src/gpio.o
 .ARM.attributes
                0x0000008a       0x34 ./Core/Src/i2c.o
 .ARM.attributes
                0x000000be       0x34 ./Core/Src/main.o
 .ARM.attributes
                0x000000f2       0x34 ./Core/Src/stm32f4xx_hal_msp.o
 .ARM.attributes
                0x00000126       0x34 ./Core/Src/stm32f4xx_it.o
 .ARM.attributes
                0x0000015a       0x34 ./Core/Src/sysmem.o
 .ARM.attributes
                0x0000018e       0x34 ./Core/Src/system_stm32f4xx.o
 .ARM.attributes
                0x000001c2       0x34 ./Core/Src/usart.o
 .ARM.attributes
                0x000001f6       0x21 ./Core/Startup/startup_stm32f407vgtx.o
 .ARM.attributes
                0x00000217       0x34 ./Drivers/STM32F4xx_HAL_Driver/Src/stm32f4xx_hal.o
 .ARM.attributes
                0x0000024b       0x34 ./Drivers/STM32F4xx_HAL_Driver/Src/stm32f4xx_hal_cortex.o
 .ARM.attributes
                0x0000027f       0x34 ./Drivers/STM32F4xx_HAL_Driver/Src/stm32f4xx_hal_gpio.o
 .ARM.attributes
                0x000002b3       0x34 ./Drivers/STM32F4xx_HAL_Driver/Src/stm32f4xx_hal_i2c.o
 .ARM.attributes
                0x000002e7       0x34 ./Drivers/STM32F4xx_HAL_Driver/Src/stm32f4xx_hal_pcd.o
 .ARM.attributes
                0x0000031b       0x34 ./Drivers/STM32F4xx_HAL_Driver/Src/stm32f4xx_hal_pcd_ex.o
 .ARM.attributes
                0x0000034f       0x34 ./Drivers/STM32F4xx_HAL_Driver/Src/stm32f4xx_hal_rcc.o
 .ARM.attributes
                0x00000383       0x34 ./Drivers/STM32F4xx_HAL_Driver/Src/stm32f4xx_hal_uart.o
 .ARM.attributes
                0x000003b7       0x34 ./Drivers/STM32F4xx_HAL_Driver/Src/stm32f4xx_ll_usb.o
 .ARM.attributes
                0x000003eb       0x34 ./Middlewares/ST/STM32_USB_Device_Library/Core/Src/usbd_core.o
 .ARM.attributes
                0x0000041f       0x34 ./Middlewares/ST/STM32_USB_Device_Library/Core/Src/usbd_ctlreq.o
 .ARM.attributes
                0x00000453       0x34 ./Middlewares/ST/STM32_USB_Device_Library/Core/Src/usbd_ioreq.o
 .ARM.attributes
                0x00000487       0x34 ./USB_DEVICE/Target/usbd_conf.o
 .ARM.attributes
                0x000004bb       0x34 C:\Users\ab32a\Desktop\ESP_WITH_ANOM\NANO\Src\libneai.a(NanoEdgeAI.o)
 .ARM.attributes
                0x000004ef       0x34 C:/ST/STM32CubeIDE_1.18.1/STM32CubeIDE/plugins/com.st.stm32cube.ide.mcu.externaltools.gnu-tools-for-stm32.13.3.rel1.win32_1.0.0.202411081344/tools/bin/../lib/gcc/arm-none-eabi/13.3.1/../../../../arm-none-eabi/lib/thumb/v7e-m+fp/hard\libc_nano.a(libc_a-findfp.o)
 .ARM.attributes
                0x00000523       0x34 C:/ST/STM32CubeIDE_1.18.1/STM32CubeIDE/plugins/com.st.stm32cube.ide.mcu.externaltools.gnu-tools-for-stm32.13.3.rel1.win32_1.0.0.202411081344/tools/bin/../lib/gcc/arm-none-eabi/13.3.1/../../../../arm-none-eabi/lib/thumb/v7e-m+fp/hard\libc_nano.a(libc_a-vsnprintf.o)
 .ARM.attributes
                0x00000557       0x34 C:/ST/STM32CubeIDE_1.18.1/STM32CubeIDE/plugins/com.st.stm32cube.ide.mcu.externaltools.gnu-tools-for-stm32.13.3.rel1.win32_1.0.0.202411081344/tools/bin/../lib/gcc/arm-none-eabi/13.3.1/../../../../arm-none-eabi/lib/thumb/v7e-m+fp/hard\libc_nano.a(libc_a-memset.o)
 .ARM.attributes
                0x0000058b       0x34 C:/ST/STM32CubeIDE_1.18.1/STM32CubeIDE/plugins/com.st.stm32cube.ide.mcu.externaltools.gnu-tools-for-stm32.13.3.rel1.win32_1.0.0.202411081344/tools/bin/../lib/gcc/arm-none-eabi/13.3.1/../../../../arm-none-eabi/lib/thumb/v7e-m+fp/hard\libc_nano.a(libc_a-reent.o)
 .ARM.attributes
                0x000005bf       0x34 C:/ST/STM32CubeIDE_1.18.1/STM32CubeIDE/plugins/com.st.stm32cube.ide.mcu.externaltools.gnu-tools-for-stm32.13.3.rel1.win32_1.0.0.202411081344/tools/bin/../lib/gcc/arm-none-eabi/13.3.1/../../../../arm-none-eabi/lib/thumb/v7e-m+fp/hard\libc_nano.a(libc_a-impure.o)
 .ARM.attributes
                0x000005f3       0x34 C:/ST/STM32CubeIDE_1.18.1/STM32CubeIDE/plugins/com.st.stm32cube.ide.mcu.externaltools.gnu-tools-for-stm32.13.3.rel1.win32_1.0.0.202411081344/tools/bin/../lib/gcc/arm-none-eabi/13.3.1/../../../../arm-none-eabi/lib/thumb/v7e-m+fp/hard\libc_nano.a(libc_a-errno.o)
 .ARM.attributes
                0x00000627       0x34 C:/ST/STM32CubeIDE_1.18.1/STM32CubeIDE/plugins/com.st.stm32cube.ide.mcu.externaltools.gnu-tools-for-stm32.13.3.rel1.win32_1.0.0.202411081344/tools/bin/../lib/gcc/arm-none-eabi/13.3.1/../../../../arm-none-eabi/lib/thumb/v7e-m+fp/hard\libc_nano.a(libc_a-init.o)
 .ARM.attributes
                0x0000065b       0x34 C:/ST/STM32CubeIDE_1.18.1/STM32CubeIDE/plugins/com.st.stm32cube.ide.mcu.externaltools.gnu-tools-for-stm32.13.3.rel1.win32_1.0.0.202411081344/tools/bin/../lib/gcc/arm-none-eabi/13.3.1/../../../../arm-none-eabi/lib/thumb/v7e-m+fp/hard\libc_nano.a(libc_a-lock.o)
 .ARM.attributes
                0x0000068f       0x17 C:/ST/STM32CubeIDE_1.18.1/STM32CubeIDE/plugins/com.st.stm32cube.ide.mcu.externaltools.gnu-tools-for-stm32.13.3.rel1.win32_1.0.0.202411081344/tools/bin/../lib/gcc/arm-none-eabi/13.3.1/../../../../arm-none-eabi/lib/thumb/v7e-m+fp/hard\libc_nano.a(libc_a-strlen.o)
 .ARM.attributes
                0x000006a6       0x34 C:/ST/STM32CubeIDE_1.18.1/STM32CubeIDE/plugins/com.st.stm32cube.ide.mcu.externaltools.gnu-tools-for-stm32.13.3.rel1.win32_1.0.0.202411081344/tools/bin/../lib/gcc/arm-none-eabi/13.3.1/../../../../arm-none-eabi/lib/thumb/v7e-m+fp/hard\libc_nano.a(libc_a-freer.o)
 .ARM.attributes
                0x000006da       0x34 C:/ST/STM32CubeIDE_1.18.1/STM32CubeIDE/plugins/com.st.stm32cube.ide.mcu.externaltools.gnu-tools-for-stm32.13.3.rel1.win32_1.0.0.202411081344/tools/bin/../lib/gcc/arm-none-eabi/13.3.1/../../../../arm-none-eabi/lib/thumb/v7e-m+fp/hard\libc_nano.a(libc_a-mallocr.o)
 .ARM.attributes
                0x0000070e       0x34 C:/ST/STM32CubeIDE_1.18.1/STM32CubeIDE/plugins/com.st.stm32cube.ide.mcu.externaltools.gnu-tools-for-stm32.13.3.rel1.win32_1.0.0.202411081344/tools/bin/../lib/gcc/arm-none-eabi/13.3.1/../../../../arm-none-eabi/lib/thumb/v7e-m+fp/hard\libc_nano.a(libc_a-mlock.o)
 .ARM.attributes
                0x00000742       0x34 C:/ST/STM32CubeIDE_1.18.1/STM32CubeIDE/plugins/com.st.stm32cube.ide.mcu.externaltools.gnu-tools-for-stm32.13.3.rel1.win32_1.0.0.202411081344/tools/bin/../lib/gcc/arm-none-eabi/13.3.1/../../../../arm-none-eabi/lib/thumb/v7e-m+fp/hard\libc_nano.a(libc_a-nano-svfprintf.o)
 .ARM.attributes
                0x00000776       0x34 C:/ST/STM32CubeIDE_1.18.1/STM32CubeIDE/plugins/com.st.stm32cube.ide.mcu.externaltools.gnu-tools-for-stm32.13.3.rel1.win32_1.0.0.202411081344/tools/bin/../lib/gcc/arm-none-eabi/13.3.1/../../../../arm-none-eabi/lib/thumb/v7e-m+fp/hard\libc_nano.a(libc_a-nano-vfprintf_i.o)
 .ARM.attributes
                0x000007aa       0x34 C:/ST/STM32CubeIDE_1.18.1/STM32CubeIDE/plugins/com.st.stm32cube.ide.mcu.externaltools.gnu-tools-for-stm32.13.3.rel1.win32_1.0.0.202411081344/tools/bin/../lib/gcc/arm-none-eabi/13.3.1/../../../../arm-none-eabi/lib/thumb/v7e-m+fp/hard\libc_nano.a(libc_a-memmove.o)
 .ARM.attributes
                0x000007de       0x34 C:/ST/STM32CubeIDE_1.18.1/STM32CubeIDE/plugins/com.st.stm32cube.ide.mcu.externaltools.gnu-tools-for-stm32.13.3.rel1.win32_1.0.0.202411081344/tools/bin/../lib/gcc/arm-none-eabi/13.3.1/../../../../arm-none-eabi/lib/thumb/v7e-m+fp/hard\libc_nano.a(libc_a-sbrkr.o)
 .ARM.attributes
                0x00000812       0x1c C:/ST/STM32CubeIDE_1.18.1/STM32CubeIDE/plugins/com.st.stm32cube.ide.mcu.externaltools.gnu-tools-for-stm32.13.3.rel1.win32_1.0.0.202411081344/tools/bin/../lib/gcc/arm-none-eabi/13.3.1/../../../../arm-none-eabi/lib/thumb/v7e-m+fp/hard\libc_nano.a(libc_a-memchr.o)
 .ARM.attributes
                0x0000082e       0x34 C:/ST/STM32CubeIDE_1.18.1/STM32CubeIDE/plugins/com.st.stm32cube.ide.mcu.externaltools.gnu-tools-for-stm32.13.3.rel1.win32_1.0.0.202411081344/tools/bin/../lib/gcc/arm-none-eabi/13.3.1/../../../../arm-none-eabi/lib/thumb/v7e-m+fp/hard\libc_nano.a(libc_a-memcpy-stub.o)
 .ARM.attributes
                0x00000862       0x34 C:/ST/STM32CubeIDE_1.18.1/STM32CubeIDE/plugins/com.st.stm32cube.ide.mcu.externaltools.gnu-tools-for-stm32.13.3.rel1.win32_1.0.0.202411081344/tools/bin/../lib/gcc/arm-none-eabi/13.3.1/../../../../arm-none-eabi/lib/thumb/v7e-m+fp/hard\libc_nano.a(libc_a-reallocr.o)
 .ARM.attributes
                0x00000896       0x34 C:/ST/STM32CubeIDE_1.18.1/STM32CubeIDE/plugins/com.st.stm32cube.ide.mcu.externaltools.gnu-tools-for-stm32.13.3.rel1.win32_1.0.0.202411081344/tools/bin/../lib/gcc/arm-none-eabi/13.3.1/../../../../arm-none-eabi/lib/thumb/v7e-m+fp/hard\libc_nano.a(libc_a-msizer.o)
 .ARM.attributes
                0x000008ca       0x34 C:/ST/STM32CubeIDE_1.18.1/STM32CubeIDE/plugins/com.st.stm32cube.ide.mcu.externaltools.gnu-tools-for-stm32.13.3.rel1.win32_1.0.0.202411081344/tools/bin/../lib/gcc/arm-none-eabi/13.3.1/../../../../arm-none-eabi/lib/thumb/v7e-m+fp/hard\libm.a(libm_a-s_fmax.o)
 .ARM.attributes
                0x000008fe       0x34 C:/ST/STM32CubeIDE_1.18.1/STM32CubeIDE/plugins/com.st.stm32cube.ide.mcu.externaltools.gnu-tools-for-stm32.13.3.rel1.win32_1.0.0.202411081344/tools/bin/../lib/gcc/arm-none-eabi/13.3.1/../../../../arm-none-eabi/lib/thumb/v7e-m+fp/hard\libm.a(libm_a-s_fpclassify.o)
 .ARM.attributes
                0x00000932       0x34 C:/ST/STM32CubeIDE_1.18.1/STM32CubeIDE/plugins/com.st.stm32cube.ide.mcu.externaltools.gnu-tools-for-stm32.13.3.rel1.win32_1.0.0.202411081344/tools/bin/../lib/gcc/arm-none-eabi/13.3.1/../../../../arm-none-eabi/lib/thumb/v7e-m+fp/hard\libm.a(libm_a-sf_fmin.o)
 .ARM.attributes
                0x00000966       0x34 C:/ST/STM32CubeIDE_1.18.1/STM32CubeIDE/plugins/com.st.stm32cube.ide.mcu.externaltools.gnu-tools-for-stm32.13.3.rel1.win32_1.0.0.202411081344/tools/bin/../lib/gcc/arm-none-eabi/13.3.1/../../../../arm-none-eabi/lib/thumb/v7e-m+fp/hard\libm.a(libm_a-sf_fpclassify.o)
 .ARM.attributes
                0x0000099a       0x22 C:/ST/STM32CubeIDE_1.18.1/STM32CubeIDE/plugins/com.st.stm32cube.ide.mcu.externaltools.gnu-tools-for-stm32.13.3.rel1.win32_1.0.0.202411081344/tools/bin/../lib/gcc/arm-none-eabi/13.3.1/thumb/v7e-m+fp/hard\libgcc.a(_arm_addsubdf3.o)
 .ARM.attributes
                0x000009bc       0x22 C:/ST/STM32CubeIDE_1.18.1/STM32CubeIDE/plugins/com.st.stm32cube.ide.mcu.externaltools.gnu-tools-for-stm32.13.3.rel1.win32_1.0.0.202411081344/tools/bin/../lib/gcc/arm-none-eabi/13.3.1/thumb/v7e-m+fp/hard\libgcc.a(_arm_cmpdf2.o)
 .ARM.attributes
                0x000009de       0x22 C:/ST/STM32CubeIDE_1.18.1/STM32CubeIDE/plugins/com.st.stm32cube.ide.mcu.externaltools.gnu-tools-for-stm32.13.3.rel1.win32_1.0.0.202411081344/tools/bin/../lib/gcc/arm-none-eabi/13.3.1/thumb/v7e-m+fp/hard\libgcc.a(_arm_truncdfsf2.o)
 .ARM.attributes
                0x00000a00       0x22 C:/ST/STM32CubeIDE_1.18.1/STM32CubeIDE/plugins/com.st.stm32cube.ide.mcu.externaltools.gnu-tools-for-stm32.13.3.rel1.win32_1.0.0.202411081344/tools/bin/../lib/gcc/arm-none-eabi/13.3.1/thumb/v7e-m+fp/hard\libgcc.a(_aeabi_uldivmod.o)
 .ARM.attributes
                0x00000a22       0x34 C:/ST/STM32CubeIDE_1.18.1/STM32CubeIDE/plugins/com.st.stm32cube.ide.mcu.externaltools.gnu-tools-for-stm32.13.3.rel1.win32_1.0.0.202411081344/tools/bin/../lib/gcc/arm-none-eabi/13.3.1/thumb/v7e-m+fp/hard\libgcc.a(_udivmoddi4.o)
 .ARM.attributes
                0x00000a56       0x22 C:/ST/STM32CubeIDE_1.18.1/STM32CubeIDE/plugins/com.st.stm32cube.ide.mcu.externaltools.gnu-tools-for-stm32.13.3.rel1.win32_1.0.0.202411081344/tools/bin/../lib/gcc/arm-none-eabi/13.3.1/thumb/v7e-m+fp/hard\libgcc.a(_dvmd_tls.o)
 .ARM.attributes
                0x00000a78       0x22 C:/ST/STM32CubeIDE_1.18.1/STM32CubeIDE/plugins/com.st.stm32cube.ide.mcu.externaltools.gnu-tools-for-stm32.13.3.rel1.win32_1.0.0.202411081344/tools/bin/../lib/gcc/arm-none-eabi/13.3.1/thumb/v7e-m+fp/hard/crtn.o
OUTPUT(ESP_WITH_ANOM.elf elf32-littlearm)
LOAD linker stubs
LOAD C:/ST/STM32CubeIDE_1.18.1/STM32CubeIDE/plugins/com.st.stm32cube.ide.mcu.externaltools.gnu-tools-for-stm32.13.3.rel1.win32_1.0.0.202411081344/tools/bin/../lib/gcc/arm-none-eabi/13.3.1/../../../../arm-none-eabi/lib/thumb/v7e-m+fp/hard\libc.a
LOAD C:/ST/STM32CubeIDE_1.18.1/STM32CubeIDE/plugins/com.st.stm32cube.ide.mcu.externaltools.gnu-tools-for-stm32.13.3.rel1.win32_1.0.0.202411081344/tools/bin/../lib/gcc/arm-none-eabi/13.3.1/../../../../arm-none-eabi/lib/thumb/v7e-m+fp/hard\libm.a
LOAD C:/ST/STM32CubeIDE_1.18.1/STM32CubeIDE/plugins/com.st.stm32cube.ide.mcu.externaltools.gnu-tools-for-stm32.13.3.rel1.win32_1.0.0.202411081344/tools/bin/../lib/gcc/arm-none-eabi/13.3.1/thumb/v7e-m+fp/hard\libgcc.a

.debug_info     0x00000000    0x12080
 .debug_info    0x00000000      0x284 ./Core/Src/gpio.o
 .debug_info    0x00000284      0x968 ./Core/Src/i2c.o
 .debug_info    0x00000bec      0xfae ./Core/Src/main.o
 .debug_info    0x00001b9a      0x27c ./Core/Src/stm32f4xx_hal_msp.o
 .debug_info    0x00001e16      0x627 ./Core/Src/stm32f4xx_it.o
 .debug_info    0x0000243d      0x168 ./Core/Src/sysmem.o
 .debug_info    0x000025a5      0x512 ./Core/Src/system_stm32f4xx.o
 .debug_info    0x00002ab7      0x91d ./Core/Src/usart.o
 .debug_info    0x000033d4       0x30 ./Core/Startup/startup_stm32f407vgtx.o
 .debug_info    0x00003404      0x944 ./Drivers/STM32F4xx_HAL_Driver/Src/stm32f4xx_hal.o
 .debug_info    0x00003d48      0xd8c ./Drivers/STM32F4xx_HAL_Driver/Src/stm32f4xx_hal_cortex.o
 .debug_info    0x00004ad4      0x6c3 ./Drivers/STM32F4xx_HAL_Driver/Src/stm32f4xx_hal_gpio.o
 .debug_info    0x00005197     0x2415 ./Drivers/STM32F4xx_HAL_Driver/Src/stm32f4xx_hal_i2c.o
 .debug_info    0x000075ac     0x156f ./Drivers/STM32F4xx_HAL_Driver/Src/stm32f4xx_hal_pcd.o
 .debug_info    0x00008b1b      0x6ea ./Drivers/STM32F4xx_HAL_Driver/Src/stm32f4xx_hal_pcd_ex.o
 .debug_info    0x00009205      0x8c3 ./Drivers/STM32F4xx_HAL_Driver/Src/stm32f4xx_hal_rcc.o
 .debug_info    0x00009ac8     0x2f4f ./Drivers/STM32F4xx_HAL_Driver/Src/stm32f4xx_hal_uart.o
 .debug_info    0x0000ca17     0x1993 ./Drivers/STM32F4xx_HAL_Driver/Src/stm32f4xx_ll_usb.o
 .debug_info    0x0000e3aa      0xe12 ./Middlewares/ST/STM32_USB_Device_Library/Core/Src/usbd_core.o
 .debug_info    0x0000f1bc      0xaeb ./Middlewares/ST/STM32_USB_Device_Library/Core/Src/usbd_ctlreq.o
 .debug_info    0x0000fca7      0x762 ./Middlewares/ST/STM32_USB_Device_Library/Core/Src/usbd_ioreq.o
 .debug_info    0x00010409     0x1c77 ./USB_DEVICE/Target/usbd_conf.o

.debug_abbrev   0x00000000     0x2ca0
 .debug_abbrev  0x00000000       0xd8 ./Core/Src/gpio.o
 .debug_abbrev  0x000000d8      0x1f1 ./Core/Src/i2c.o
 .debug_abbrev  0x000002c9      0x2cb ./Core/Src/main.o
 .debug_abbrev  0x00000594       0xf4 ./Core/Src/stm32f4xx_hal_msp.o
 .debug_abbrev  0x00000688      0x1a4 ./Core/Src/stm32f4xx_it.o
 .debug_abbrev  0x0000082c       0xbc ./Core/Src/sysmem.o
 .debug_abbrev  0x000008e8      0x11a ./Core/Src/system_stm32f4xx.o
 .debug_abbrev  0x00000a02      0x1f9 ./Core/Src/usart.o
 .debug_abbrev  0x00000bfb       0x24 ./Core/Startup/startup_stm32f407vgtx.o
 .debug_abbrev  0x00000c1f      0x214 ./Drivers/STM32F4xx_HAL_Driver/Src/stm32f4xx_hal.o
 .debug_abbrev  0x00000e33      0x31d ./Drivers/STM32F4xx_HAL_Driver/Src/stm32f4xx_hal_cortex.o
 .debug_abbrev  0x00001150      0x1d4 ./Drivers/STM32F4xx_HAL_Driver/Src/stm32f4xx_hal_gpio.o
 .debug_abbrev  0x00001324      0x2ad ./Drivers/STM32F4xx_HAL_Driver/Src/stm32f4xx_hal_i2c.o
 .debug_abbrev  0x000015d1      0x2b9 ./Drivers/STM32F4xx_HAL_Driver/Src/stm32f4xx_hal_pcd.o
 .debug_abbrev  0x0000188a      0x1da ./Drivers/STM32F4xx_HAL_Driver/Src/stm32f4xx_hal_pcd_ex.o
 .debug_abbrev  0x00001a64      0x2b7 ./Drivers/STM32F4xx_HAL_Driver/Src/stm32f4xx_hal_rcc.o
 .debug_abbrev  0x00001d1b      0x30e ./Drivers/STM32F4xx_HAL_Driver/Src/stm32f4xx_hal_uart.o
 .debug_abbrev  0x00002029      0x2b3 ./Drivers/STM32F4xx_HAL_Driver/Src/stm32f4xx_ll_usb.o
 .debug_abbrev  0x000022dc      0x27c ./Middlewares/ST/STM32_USB_Device_Library/Core/Src/usbd_core.o
 .debug_abbrev  0x00002558      0x26f ./Middlewares/ST/STM32_USB_Device_Library/Core/Src/usbd_ctlreq.o
 .debug_abbrev  0x000027c7      0x19a ./Middlewares/ST/STM32_USB_Device_Library/Core/Src/usbd_ioreq.o
 .debug_abbrev  0x00002961      0x33f ./USB_DEVICE/Target/usbd_conf.o

.debug_aranges  0x00000000      0xf58
 .debug_aranges
                0x00000000       0x20 ./Core/Src/gpio.o
 .debug_aranges
                0x00000020       0x30 ./Core/Src/i2c.o
 .debug_aranges
                0x00000050       0x48 ./Core/Src/main.o
 .debug_aranges
                0x00000098       0x20 ./Core/Src/stm32f4xx_hal_msp.o
 .debug_aranges
                0x000000b8       0x68 ./Core/Src/stm32f4xx_it.o
 .debug_aranges
                0x00000120       0x20 ./Core/Src/sysmem.o
 .debug_aranges
                0x00000140       0x28 ./Core/Src/system_stm32f4xx.o
 .debug_aranges
                0x00000168       0x30 ./Core/Src/usart.o
 .debug_aranges
                0x00000198       0x28 ./Core/Startup/startup_stm32f407vgtx.o
 .debug_aranges
                0x000001c0       0xf0 ./Drivers/STM32F4xx_HAL_Driver/Src/stm32f4xx_hal.o
 .debug_aranges
                0x000002b0      0x130 ./Drivers/STM32F4xx_HAL_Driver/Src/stm32f4xx_hal_cortex.o
 .debug_aranges
                0x000003e0       0x58 ./Drivers/STM32F4xx_HAL_Driver/Src/stm32f4xx_hal_gpio.o
 .debug_aranges
                0x00000438      0x2a8 ./Drivers/STM32F4xx_HAL_Driver/Src/stm32f4xx_hal_i2c.o
 .debug_aranges
                0x000006e0      0x148 ./Drivers/STM32F4xx_HAL_Driver/Src/stm32f4xx_hal_pcd.o
 .debug_aranges
                0x00000828       0x38 ./Drivers/STM32F4xx_HAL_Driver/Src/stm32f4xx_hal_pcd_ex.o
 .debug_aranges
                0x00000860       0x88 ./Drivers/STM32F4xx_HAL_Driver/Src/stm32f4xx_hal_rcc.o
 .debug_aranges
                0x000008e8      0x208 ./Drivers/STM32F4xx_HAL_Driver/Src/stm32f4xx_hal_uart.o
 .debug_aranges
                0x00000af0      0x1a0 ./Drivers/STM32F4xx_HAL_Driver/Src/stm32f4xx_ll_usb.o
 .debug_aranges
                0x00000c90       0xd8 ./Middlewares/ST/STM32_USB_Device_Library/Core/Src/usbd_core.o
 .debug_aranges
                0x00000d68       0x90 ./Middlewares/ST/STM32_USB_Device_Library/Core/Src/usbd_ctlreq.o
 .debug_aranges
                0x00000df8       0x50 ./Middlewares/ST/STM32_USB_Device_Library/Core/Src/usbd_ioreq.o
 .debug_aranges
                0x00000e48      0x110 ./USB_DEVICE/Target/usbd_conf.o

.debug_rnglists
                0x00000000      0xbcb
 .debug_rnglists
                0x00000000       0x13 ./Core/Src/gpio.o
 .debug_rnglists
                0x00000013       0x20 ./Core/Src/i2c.o
 .debug_rnglists
                0x00000033       0x34 ./Core/Src/main.o
 .debug_rnglists
                0x00000067       0x13 ./Core/Src/stm32f4xx_hal_msp.o
 .debug_rnglists
                0x0000007a       0x49 ./Core/Src/stm32f4xx_it.o
 .debug_rnglists
                0x000000c3       0x13 ./Core/Src/sysmem.o
 .debug_rnglists
                0x000000d6       0x1a ./Core/Src/system_stm32f4xx.o
 .debug_rnglists
                0x000000f0       0x20 ./Core/Src/usart.o
 .debug_rnglists
                0x00000110       0x19 ./Core/Startup/startup_stm32f407vgtx.o
 .debug_rnglists
                0x00000129       0xaf ./Drivers/STM32F4xx_HAL_Driver/Src/stm32f4xx_hal.o
 .debug_rnglists
                0x000001d8       0xe0 ./Drivers/STM32F4xx_HAL_Driver/Src/stm32f4xx_hal_cortex.o
 .debug_rnglists
                0x000002b8       0x3f ./Drivers/STM32F4xx_HAL_Driver/Src/stm32f4xx_hal_gpio.o
 .debug_rnglists
                0x000002f7      0x23c ./Drivers/STM32F4xx_HAL_Driver/Src/stm32f4xx_hal_i2c.o
 .debug_rnglists
                0x00000533       0xfa ./Drivers/STM32F4xx_HAL_Driver/Src/stm32f4xx_hal_pcd.o
 .debug_rnglists
                0x0000062d       0x26 ./Drivers/STM32F4xx_HAL_Driver/Src/stm32f4xx_hal_pcd_ex.o
 .debug_rnglists
                0x00000653       0x66 ./Drivers/STM32F4xx_HAL_Driver/Src/stm32f4xx_hal_rcc.o
 .debug_rnglists
                0x000006b9      0x1bc ./Drivers/STM32F4xx_HAL_Driver/Src/stm32f4xx_hal_uart.o
 .debug_rnglists
                0x00000875      0x147 ./Drivers/STM32F4xx_HAL_Driver/Src/stm32f4xx_ll_usb.o
 .debug_rnglists
                0x000009bc       0xa1 ./Middlewares/ST/STM32_USB_Device_Library/Core/Src/usbd_core.o
 .debug_rnglists
                0x00000a5d       0x6e ./Middlewares/ST/STM32_USB_Device_Library/Core/Src/usbd_ctlreq.o
 .debug_rnglists
                0x00000acb       0x37 ./Middlewares/ST/STM32_USB_Device_Library/Core/Src/usbd_ioreq.o
 .debug_rnglists
                0x00000b02       0xc9 ./USB_DEVICE/Target/usbd_conf.o

.debug_macro    0x00000000    0x22821
 .debug_macro   0x00000000      0x20c ./Core/Src/gpio.o
 .debug_macro   0x0000020c      0xad8 ./Core/Src/gpio.o
 .debug_macro   0x00000ce4      0x2a1 ./Core/Src/gpio.o
 .debug_macro   0x00000f85       0x2e ./Core/Src/gpio.o
 .debug_macro   0x00000fb3       0x2f ./Core/Src/gpio.o
 .debug_macro   0x00000fe2       0x22 ./Core/Src/gpio.o
 .debug_macro   0x00001004       0x8e ./Core/Src/gpio.o
 .debug_macro   0x00001092       0x51 ./Core/Src/gpio.o
 .debug_macro   0x000010e3      0x103 ./Core/Src/gpio.o
 .debug_macro   0x000011e6       0x6a ./Core/Src/gpio.o
 .debug_macro   0x00001250      0x1df ./Core/Src/gpio.o
 .debug_macro   0x0000142f       0x1c ./Core/Src/gpio.o
 .debug_macro   0x0000144b       0x22 ./Core/Src/gpio.o
 .debug_macro   0x0000146d       0xfb ./Core/Src/gpio.o
 .debug_macro   0x00001568     0x1011 ./Core/Src/gpio.o
 .debug_macro   0x00002579      0x11f ./Core/Src/gpio.o
 .debug_macro   0x00002698    0x15ea5 ./Core/Src/gpio.o
 .debug_macro   0x0001853d       0x6d ./Core/Src/gpio.o
 .debug_macro   0x000185aa     0x3693 ./Core/Src/gpio.o
 .debug_macro   0x0001bc3d      0x190 ./Core/Src/gpio.o
 .debug_macro   0x0001bdcd       0x5c ./Core/Src/gpio.o
 .debug_macro   0x0001be29      0x980 ./Core/Src/gpio.o
 .debug_macro   0x0001c7a9      0x9e9 ./Core/Src/gpio.o
 .debug_macro   0x0001d192      0x115 ./Core/Src/gpio.o
 .debug_macro   0x0001d2a7      0x13e ./Core/Src/gpio.o
 .debug_macro   0x0001d3e5       0xa5 ./Core/Src/gpio.o
 .debug_macro   0x0001d48a      0x174 ./Core/Src/gpio.o
 .debug_macro   0x0001d5fe      0x287 ./Core/Src/gpio.o
 .debug_macro   0x0001d885       0x5f ./Core/Src/gpio.o
 .debug_macro   0x0001d8e4      0x236 ./Core/Src/gpio.o
 .debug_macro   0x0001db1a      0x12c ./Core/Src/gpio.o
 .debug_macro   0x0001dc46      0x21e ./Core/Src/gpio.o
 .debug_macro   0x0001de64       0x2e ./Core/Src/gpio.o
 .debug_macro   0x0001de92      0x1b5 ./Core/Src/gpio.o
 .debug_macro   0x0001e047       0xd6 ./Core/Src/gpio.o
 .debug_macro   0x0001e11d      0x127 ./Core/Src/gpio.o
 .debug_macro   0x0001e244       0x7e ./Core/Src/gpio.o
 .debug_macro   0x0001e2c2       0x89 ./Core/Src/gpio.o
 .debug_macro   0x0001e34b      0x2aa ./Core/Src/gpio.o
 .debug_macro   0x0001e5f5      0x293 ./Core/Src/gpio.o
 .debug_macro   0x0001e888       0xba ./Core/Src/gpio.o
 .debug_macro   0x0001e942      0x12d ./Core/Src/gpio.o
 .debug_macro   0x0001ea6f      0x20c ./Core/Src/i2c.o
 .debug_macro   0x0001ec7b      0x366 ./Core/Src/main.o
 .debug_macro   0x0001efe1       0x61 ./Core/Src/main.o
 .debug_macro   0x0001f042       0x2a ./Core/Src/main.o
 .debug_macro   0x0001f06c       0x43 ./Core/Src/main.o
 .debug_macro   0x0001f0af       0x34 ./Core/Src/main.o
 .debug_macro   0x0001f0e3       0x16 ./Core/Src/main.o
 .debug_macro   0x0001f0f9       0x3c ./Core/Src/main.o
 .debug_macro   0x0001f135      0x370 ./Core/Src/main.o
 .debug_macro   0x0001f4a5       0x10 ./Core/Src/main.o
 .debug_macro   0x0001f4b5       0x16 ./Core/Src/main.o
 .debug_macro   0x0001f4cb       0x4a ./Core/Src/main.o
 .debug_macro   0x0001f515       0x34 ./Core/Src/main.o
 .debug_macro   0x0001f549       0x10 ./Core/Src/main.o
 .debug_macro   0x0001f559       0x58 ./Core/Src/main.o
 .debug_macro   0x0001f5b1       0x8e ./Core/Src/main.o
 .debug_macro   0x0001f63f       0x1c ./Core/Src/main.o
 .debug_macro   0x0001f65b      0x185 ./Core/Src/main.o
 .debug_macro   0x0001f7e0       0x16 ./Core/Src/main.o
 .debug_macro   0x0001f7f6       0x16 ./Core/Src/main.o
 .debug_macro   0x0001f80c      0x146 ./Core/Src/main.o
 .debug_macro   0x0001f952       0x16 ./Core/Src/main.o
 .debug_macro   0x0001f968       0x20 ./Core/Src/main.o
 .debug_macro   0x0001f988       0x4c ./Core/Src/main.o
 .debug_macro   0x0001f9d4       0x28 ./Core/Src/main.o
 .debug_macro   0x0001f9fc      0x202 ./Core/Src/stm32f4xx_hal_msp.o
 .debug_macro   0x0001fbfe      0x20c ./Core/Src/stm32f4xx_it.o
 .debug_macro   0x0001fe0a      0x112 ./Core/Src/sysmem.o
 .debug_macro   0x0001ff1c      0x23c ./Core/Src/sysmem.o
 .debug_macro   0x00020158      0x1f8 ./Core/Src/system_stm32f4xx.o
 .debug_macro   0x00020350      0x20c ./Core/Src/usart.o
 .debug_macro   0x0002055c      0x258 ./Drivers/STM32F4xx_HAL_Driver/Src/stm32f4xx_hal.o
 .debug_macro   0x000207b4      0x1f8 ./Drivers/STM32F4xx_HAL_Driver/Src/stm32f4xx_hal_cortex.o
 .debug_macro   0x000209ac      0x1fe ./Drivers/STM32F4xx_HAL_Driver/Src/stm32f4xx_hal_gpio.o
 .debug_macro   0x00020baa      0x246 ./Drivers/STM32F4xx_HAL_Driver/Src/stm32f4xx_hal_i2c.o
 .debug_macro   0x00020df0      0x204 ./Drivers/STM32F4xx_HAL_Driver/Src/stm32f4xx_hal_pcd.o
 .debug_macro   0x00020ff4      0x1f8 ./Drivers/STM32F4xx_HAL_Driver/Src/stm32f4xx_hal_pcd_ex.o
 .debug_macro   0x000211ec      0x21c ./Drivers/STM32F4xx_HAL_Driver/Src/stm32f4xx_hal_rcc.o
 .debug_macro   0x00021408      0x1f9 ./Drivers/STM32F4xx_HAL_Driver/Src/stm32f4xx_hal_uart.o
 .debug_macro   0x00021601      0x1f8 ./Drivers/STM32F4xx_HAL_Driver/Src/stm32f4xx_ll_usb.o
 .debug_macro   0x000217f9      0x378 ./Middlewares/ST/STM32_USB_Device_Library/Core/Src/usbd_core.o
 .debug_macro   0x00021b71      0x215 ./Middlewares/ST/STM32_USB_Device_Library/Core/Src/usbd_core.o
 .debug_macro   0x00021d86      0x382 ./Middlewares/ST/STM32_USB_Device_Library/Core/Src/usbd_ctlreq.o
 .debug_macro   0x00022108      0x37e ./Middlewares/ST/STM32_USB_Device_Library/Core/Src/usbd_ioreq.o
 .debug_macro   0x00022486      0x39b ./USB_DEVICE/Target/usbd_conf.o

.debug_line     0x00000000    0x1488b
 .debug_line    0x00000000      0x78b ./Core/Src/gpio.o
 .debug_line    0x0000078b      0x7fb ./Core/Src/i2c.o
 .debug_line    0x00000f86      0xb35 ./Core/Src/main.o
 .debug_line    0x00001abb      0x78e ./Core/Src/stm32f4xx_hal_msp.o
 .debug_line    0x00002249      0x854 ./Core/Src/stm32f4xx_it.o
 .debug_line    0x00002a9d      0x588 ./Core/Src/sysmem.o
 .debug_line    0x00003025      0x803 ./Core/Src/system_stm32f4xx.o
 .debug_line    0x00003828      0x7fb ./Core/Src/usart.o
 .debug_line    0x00004023       0x7a ./Core/Startup/startup_stm32f407vgtx.o
 .debug_line    0x0000409d      0xa7f ./Drivers/STM32F4xx_HAL_Driver/Src/stm32f4xx_hal.o
 .debug_line    0x00004b1c      0xd4f ./Drivers/STM32F4xx_HAL_Driver/Src/stm32f4xx_hal_cortex.o
 .debug_line    0x0000586b      0xbd7 ./Drivers/STM32F4xx_HAL_Driver/Src/stm32f4xx_hal_gpio.o
 .debug_line    0x00006442     0x3b2c ./Drivers/STM32F4xx_HAL_Driver/Src/stm32f4xx_hal_i2c.o
 .debug_line    0x00009f6e     0x14ca ./Drivers/STM32F4xx_HAL_Driver/Src/stm32f4xx_hal_pcd.o
 .debug_line    0x0000b438      0x848 ./Drivers/STM32F4xx_HAL_Driver/Src/stm32f4xx_hal_pcd_ex.o
 .debug_line    0x0000bc80      0xe8e ./Drivers/STM32F4xx_HAL_Driver/Src/stm32f4xx_hal_rcc.o
 .debug_line    0x0000cb0e     0x25c7 ./Drivers/STM32F4xx_HAL_Driver/Src/stm32f4xx_hal_uart.o
 .debug_line    0x0000f0d5     0x1db3 ./Drivers/STM32F4xx_HAL_Driver/Src/stm32f4xx_ll_usb.o
 .debug_line    0x00010e88      0xfa4 ./Middlewares/ST/STM32_USB_Device_Library/Core/Src/usbd_core.o
 .debug_line    0x00011e2c     0x1166 ./Middlewares/ST/STM32_USB_Device_Library/Core/Src/usbd_ctlreq.o
 .debug_line    0x00012f92      0xaab ./Middlewares/ST/STM32_USB_Device_Library/Core/Src/usbd_ioreq.o
 .debug_line    0x00013a3d      0xe4e ./USB_DEVICE/Target/usbd_conf.o

.debug_str      0x00000000    0xc915b
 .debug_str     0x00000000    0xc915b ./Core/Src/gpio.o
                              0xbfaf0 (size before relaxing)
 .debug_str     0x000c915b    0xc00ea ./Core/Src/i2c.o
 .debug_str     0x000c915b    0xc4030 ./Core/Src/main.o
 .debug_str     0x000c915b    0xbfb0d ./Core/Src/stm32f4xx_hal_msp.o
 .debug_str     0x000c915b    0xbfea9 ./Core/Src/stm32f4xx_it.o
 .debug_str     0x000c915b     0x776d ./Core/Src/sysmem.o
 .debug_str     0x000c915b    0xbfba0 ./Core/Src/system_stm32f4xx.o
 .debug_str     0x000c915b    0xc0078 ./Core/Src/usart.o
 .debug_str     0x000c915b       0x6f ./Core/Startup/startup_stm32f407vgtx.o
 .debug_str     0x000c915b    0xc0724 ./Drivers/STM32F4xx_HAL_Driver/Src/stm32f4xx_hal.o
 .debug_str     0x000c915b    0xc04a0 ./Drivers/STM32F4xx_HAL_Driver/Src/stm32f4xx_hal_cortex.o
 .debug_str     0x000c915b    0xbfd1b ./Drivers/STM32F4xx_HAL_Driver/Src/stm32f4xx_hal_gpio.o
 .debug_str     0x000c915b    0xc0bbe ./Drivers/STM32F4xx_HAL_Driver/Src/stm32f4xx_hal_i2c.o
 .debug_str     0x000c915b    0xc067e ./Drivers/STM32F4xx_HAL_Driver/Src/stm32f4xx_hal_pcd.o
 .debug_str     0x000c915b    0xbff6e ./Drivers/STM32F4xx_HAL_Driver/Src/stm32f4xx_hal_pcd_ex.o
 .debug_str     0x000c915b    0xbffd4 ./Drivers/STM32F4xx_HAL_Driver/Src/stm32f4xx_hal_rcc.o
 .debug_str     0x000c915b    0xc05b5 ./Drivers/STM32F4xx_HAL_Driver/Src/stm32f4xx_hal_uart.o
 .debug_str     0x000c915b    0xc0559 ./Drivers/STM32F4xx_HAL_Driver/Src/stm32f4xx_ll_usb.o
 .debug_str     0x000c915b    0xc4575 ./Middlewares/ST/STM32_USB_Device_Library/Core/Src/usbd_core.o